Archive member included to satisfy reference by file (symbol)

c:/altera/14.1/nios2eds/bin/gnu/h-x86_64-mingw32/bin/../lib/gcc/nios2-elf/4.8.3/mno-hw-mul\libgcc.a(lib2-divmod.o)
                              obj/default/count_binary.o (__divsi3)
c:/altera/14.1/nios2eds/bin/gnu/h-x86_64-mingw32/bin/../lib/gcc/nios2-elf/4.8.3/../../../../../H-x86_64-mingw32/nios2-elf/lib/mno-hw-mul\libsmallc.a(lib_a-printf.o)
                              obj/default/count_binary.o (printf)
c:/altera/14.1/nios2eds/bin/gnu/h-x86_64-mingw32/bin/../lib/gcc/nios2-elf/4.8.3/../../../../../H-x86_64-mingw32/nios2-elf/lib/mno-hw-mul\libsmallc.a(lib_a-putchar.o)
                              obj/default/count_binary.o (putchar)
c:/altera/14.1/nios2eds/bin/gnu/h-x86_64-mingw32/bin/../lib/gcc/nios2-elf/4.8.3/../../../../../H-x86_64-mingw32/nios2-elf/lib/mno-hw-mul\libsmallc.a(lib_a-puts.o)
                              obj/default/count_binary.o (puts)
c:/altera/14.1/nios2eds/bin/gnu/h-x86_64-mingw32/bin/../lib/gcc/nios2-elf/4.8.3/../../../../../H-x86_64-mingw32/nios2-elf/lib/mno-hw-mul\libsmallc.a(lib_a-strlen.o)
                              c:/altera/14.1/nios2eds/bin/gnu/h-x86_64-mingw32/bin/../lib/gcc/nios2-elf/4.8.3/../../../../../H-x86_64-mingw32/nios2-elf/lib/mno-hw-mul\libsmallc.a(lib_a-puts.o) (strlen)
c:/altera/14.1/nios2eds/bin/gnu/h-x86_64-mingw32/bin/../lib/gcc/nios2-elf/4.8.3/../../../../../H-x86_64-mingw32/nios2-elf/lib/mno-hw-mul\libsmallc.a(lib_a-vfprintf.o)
                              c:/altera/14.1/nios2eds/bin/gnu/h-x86_64-mingw32/bin/../lib/gcc/nios2-elf/4.8.3/../../../../../H-x86_64-mingw32/nios2-elf/lib/mno-hw-mul\libsmallc.a(lib_a-printf.o) (___vfprintf_internal_r)
c:/altera/14.1/nios2eds/bin/gnu/h-x86_64-mingw32/bin/../lib/gcc/nios2-elf/4.8.3/../../../../../H-x86_64-mingw32/nios2-elf/lib/mno-hw-mul\libsmallc.a(lib_a-fvwrite_small_dev.o)
                              c:/altera/14.1/nios2eds/bin/gnu/h-x86_64-mingw32/bin/../lib/gcc/nios2-elf/4.8.3/../../../../../H-x86_64-mingw32/nios2-elf/lib/mno-hw-mul\libsmallc.a(lib_a-printf.o) (__sfvwrite_small_dev)
c:/altera/14.1/nios2eds/bin/gnu/h-x86_64-mingw32/bin/../lib/gcc/nios2-elf/4.8.3/../../../../../H-x86_64-mingw32/nios2-elf/lib/mno-hw-mul\libsmallc.a(lib_a-impure.o)
                              c:/altera/14.1/nios2eds/bin/gnu/h-x86_64-mingw32/bin/../lib/gcc/nios2-elf/4.8.3/../../../../../H-x86_64-mingw32/nios2-elf/lib/mno-hw-mul\libsmallc.a(lib_a-printf.o) (_impure_ptr)
c:/altera/14.1/nios2eds/bin/gnu/h-x86_64-mingw32/bin/../lib/gcc/nios2-elf/4.8.3/../../../../../H-x86_64-mingw32/nios2-elf/lib/mno-hw-mul\libsmallc.a(lib_a-putc.o)
                              c:/altera/14.1/nios2eds/bin/gnu/h-x86_64-mingw32/bin/../lib/gcc/nios2-elf/4.8.3/../../../../../H-x86_64-mingw32/nios2-elf/lib/mno-hw-mul\libsmallc.a(lib_a-putchar.o) (_putc_r)
c:/altera/14.1/nios2eds/bin/gnu/h-x86_64-mingw32/bin/../lib/gcc/nios2-elf/4.8.3/../../../../../H-x86_64-mingw32/nios2-elf/lib/mno-hw-mul\libsmallc.a(lib_a-writer.o)
                              c:/altera/14.1/nios2eds/bin/gnu/h-x86_64-mingw32/bin/../lib/gcc/nios2-elf/4.8.3/../../../../../H-x86_64-mingw32/nios2-elf/lib/mno-hw-mul\libsmallc.a(lib_a-fvwrite_small_dev.o) (_write_r)
c:/altera/14.1/nios2eds/bin/gnu/h-x86_64-mingw32/bin/../lib/gcc/nios2-elf/4.8.3/../../../../../H-x86_64-mingw32/nios2-elf/lib/mno-hw-mul\libsmallc.a(lib_a-int_errno.o)
                              c:/altera/14.1/nios2eds/bin/gnu/h-x86_64-mingw32/bin/../lib/gcc/nios2-elf/4.8.3/../../../../../H-x86_64-mingw32/nios2-elf/lib/mno-hw-mul\libsmallc.a(lib_a-writer.o) (errno)
c:/altera/14.1/nios2eds/bin/gnu/h-x86_64-mingw32/bin/../lib/gcc/nios2-elf/4.8.3/mno-hw-mul\libgcc.a(lib2-mul.o)
                              c:/altera/14.1/nios2eds/bin/gnu/h-x86_64-mingw32/bin/../lib/gcc/nios2-elf/4.8.3/../../../../../H-x86_64-mingw32/nios2-elf/lib/mno-hw-mul\libsmallc.a(lib_a-vfprintf.o) (__mulsi3)
../count_binary_bsp/\libhal_bsp.a(alt_load.o)
                              ../count_binary_bsp//obj/HAL/src/crt0.o (alt_load)
../count_binary_bsp/\libhal_bsp.a(alt_main.o)
                              ../count_binary_bsp//obj/HAL/src/crt0.o (alt_main)
../count_binary_bsp/\libhal_bsp.a(alt_usleep.o)
                              obj/default/count_binary.o (usleep)
../count_binary_bsp/\libhal_bsp.a(alt_write.o)
                              c:/altera/14.1/nios2eds/bin/gnu/h-x86_64-mingw32/bin/../lib/gcc/nios2-elf/4.8.3/../../../../../H-x86_64-mingw32/nios2-elf/lib/mno-hw-mul\libsmallc.a(lib_a-writer.o) (write)
../count_binary_bsp/\libhal_bsp.a(alt_sys_init.o)
                              ../count_binary_bsp/\libhal_bsp.a(alt_main.o) (alt_irq_init)
../count_binary_bsp/\libhal_bsp.a(altera_avalon_jtag_uart_fd.o)
                              ../count_binary_bsp/\libhal_bsp.a(alt_sys_init.o) (altera_avalon_jtag_uart_read_fd)
../count_binary_bsp/\libhal_bsp.a(altera_avalon_jtag_uart_read.o)
                              ../count_binary_bsp/\libhal_bsp.a(altera_avalon_jtag_uart_fd.o) (altera_avalon_jtag_uart_read)
../count_binary_bsp/\libhal_bsp.a(altera_avalon_jtag_uart_write.o)
                              ../count_binary_bsp/\libhal_bsp.a(altera_avalon_jtag_uart_fd.o) (altera_avalon_jtag_uart_write)
../count_binary_bsp/\libhal_bsp.a(altera_avalon_timer_sc.o)
                              ../count_binary_bsp/\libhal_bsp.a(alt_sys_init.o) (alt_avalon_timer_sc_init)
../count_binary_bsp/\libhal_bsp.a(alt_busy_sleep.o)
                              ../count_binary_bsp/\libhal_bsp.a(alt_usleep.o) (alt_busy_sleep)
../count_binary_bsp/\libhal_bsp.a(alt_close.o)
                              ../count_binary_bsp/\libhal_bsp.a(alt_main.o) (close)
../count_binary_bsp/\libhal_bsp.a(alt_dcache_flush_all.o)
                              ../count_binary_bsp/\libhal_bsp.a(alt_load.o) (alt_dcache_flush_all)
../count_binary_bsp/\libhal_bsp.a(alt_dev.o)
                              ../count_binary_bsp/\libhal_bsp.a(alt_sys_init.o) (alt_dev_list)
../count_binary_bsp/\libhal_bsp.a(alt_dev_llist_insert.o)
                              ../count_binary_bsp/\libhal_bsp.a(alt_sys_init.o) (alt_dev_llist_insert)
../count_binary_bsp/\libhal_bsp.a(alt_errno.o)
                              ../count_binary_bsp/\libhal_bsp.a(alt_write.o) (alt_errno)
../count_binary_bsp/\libhal_bsp.a(alt_icache_flush_all.o)
                              ../count_binary_bsp/\libhal_bsp.a(alt_load.o) (alt_icache_flush_all)
../count_binary_bsp/\libhal_bsp.a(alt_iic.o)
                              ../count_binary_bsp/\libhal_bsp.a(altera_avalon_timer_sc.o) (alt_ic_isr_register)
../count_binary_bsp/\libhal_bsp.a(alt_iic_isr_register.o)
                              ../count_binary_bsp/\libhal_bsp.a(alt_iic.o) (alt_iic_isr_register)
../count_binary_bsp/\libhal_bsp.a(alt_io_redirect.o)
                              ../count_binary_bsp/\libhal_bsp.a(alt_main.o) (alt_io_redirect)
../count_binary_bsp/\libhal_bsp.a(alt_irq_entry.o)
                              ../count_binary_bsp/\libhal_bsp.a(alt_iic_isr_register.o) (alt_irq_entry)
../count_binary_bsp/\libhal_bsp.a(alt_irq_handler.o)
                              ../count_binary_bsp/\libhal_bsp.a(alt_iic_isr_register.o) (alt_irq)
../count_binary_bsp/\libhal_bsp.a(alt_irq_vars.o)
                              ../count_binary_bsp/\libhal_bsp.a(alt_iic.o) (alt_irq_active)
../count_binary_bsp/\libhal_bsp.a(alt_open.o)
                              ../count_binary_bsp/\libhal_bsp.a(alt_io_redirect.o) (open)
../count_binary_bsp/\libhal_bsp.a(alt_release_fd.o)
                              ../count_binary_bsp/\libhal_bsp.a(alt_close.o) (alt_release_fd)
../count_binary_bsp/\libhal_bsp.a(alt_tick.o)
                              ../count_binary_bsp/\libhal_bsp.a(altera_avalon_timer_sc.o) (_alt_tick_rate)
../count_binary_bsp/\libhal_bsp.a(altera_nios2_qsys_irq.o)
                              ../count_binary_bsp/\libhal_bsp.a(alt_sys_init.o) (altera_nios2_qsys_irq_init)
../count_binary_bsp/\libhal_bsp.a(alt_exception_entry.o)
                              ../count_binary_bsp/\libhal_bsp.a(alt_irq_entry.o) (alt_exception)
../count_binary_bsp/\libhal_bsp.a(alt_find_dev.o)
                              ../count_binary_bsp/\libhal_bsp.a(alt_open.o) (alt_find_dev)
../count_binary_bsp/\libhal_bsp.a(alt_find_file.o)
                              ../count_binary_bsp/\libhal_bsp.a(alt_open.o) (alt_find_file)
../count_binary_bsp/\libhal_bsp.a(alt_get_fd.o)
                              ../count_binary_bsp/\libhal_bsp.a(alt_open.o) (alt_get_fd)
../count_binary_bsp/\libhal_bsp.a(alt_icache_flush.o)
                              ../count_binary_bsp/\libhal_bsp.a(alt_icache_flush_all.o) (alt_icache_flush)
c:/altera/14.1/nios2eds/bin/gnu/h-x86_64-mingw32/bin/../lib/gcc/nios2-elf/4.8.3/../../../../../H-x86_64-mingw32/nios2-elf/lib/mno-hw-mul\libsmallc.a(lib_a-exit.o)
                              ../count_binary_bsp/\libhal_bsp.a(alt_main.o) (exit)
c:/altera/14.1/nios2eds/bin/gnu/h-x86_64-mingw32/bin/../lib/gcc/nios2-elf/4.8.3/../../../../../H-x86_64-mingw32/nios2-elf/lib/mno-hw-mul\libsmallc.a(lib_a-memcmp.o)
                              ../count_binary_bsp/\libhal_bsp.a(alt_find_dev.o) (memcmp)
c:/altera/14.1/nios2eds/bin/gnu/h-x86_64-mingw32/bin/../lib/gcc/nios2-elf/4.8.3/../../../../../H-x86_64-mingw32/nios2-elf/lib/mno-hw-mul\libsmallc.a(lib_a-__call_atexit.o)
                              c:/altera/14.1/nios2eds/bin/gnu/h-x86_64-mingw32/bin/../lib/gcc/nios2-elf/4.8.3/../../../../../H-x86_64-mingw32/nios2-elf/lib/mno-hw-mul\libsmallc.a(lib_a-exit.o) (__call_exitprocs)
../count_binary_bsp/\libhal_bsp.a(alt_exit.o)
                              c:/altera/14.1/nios2eds/bin/gnu/h-x86_64-mingw32/bin/../lib/gcc/nios2-elf/4.8.3/../../../../../H-x86_64-mingw32/nios2-elf/lib/mno-hw-mul\libsmallc.a(lib_a-exit.o) (_exit)

Allocating common symbols
Common symbol       size              file

alt_irq             0x100             ../count_binary_bsp/\libhal_bsp.a(alt_irq_handler.o)
edge_capture        0x4               obj/default/count_binary.o
errno               0x4               c:/altera/14.1/nios2eds/bin/gnu/h-x86_64-mingw32/bin/../lib/gcc/nios2-elf/4.8.3/../../../../../H-x86_64-mingw32/nios2-elf/lib/mno-hw-mul\libsmallc.a(lib_a-int_errno.o)

Memory Configuration

Name             Origin             Length             Attributes
reset            0x0000000000008000 0x0000000000000020
onchip_mem       0x0000000000008020 0x0000000000004fe0
*default*        0x0000000000000000 0xffffffffffffffff

Linker script and memory map

LOAD ../count_binary_bsp//obj/HAL/src/crt0.o
LOAD obj/default/count_binary.o
LOAD c:/altera/14.1/nios2eds/bin/gnu/h-x86_64-mingw32/bin/../lib/gcc/nios2-elf/4.8.3/../../../../../H-x86_64-mingw32/nios2-elf/lib/mno-hw-mul\libstdc++.a
LOAD c:/altera/14.1/nios2eds/bin/gnu/h-x86_64-mingw32/bin/../lib/gcc/nios2-elf/4.8.3/../../../../../H-x86_64-mingw32/nios2-elf/lib/mno-hw-mul\libm.a
LOAD c:/altera/14.1/nios2eds/bin/gnu/h-x86_64-mingw32/bin/../lib/gcc/nios2-elf/4.8.3/mno-hw-mul\libgcc.a
START GROUP
LOAD c:/altera/14.1/nios2eds/bin/gnu/h-x86_64-mingw32/bin/../lib/gcc/nios2-elf/4.8.3/../../../../../H-x86_64-mingw32/nios2-elf/lib/mno-hw-mul\libsmallc.a
LOAD c:/altera/14.1/nios2eds/bin/gnu/h-x86_64-mingw32/bin/../lib/gcc/nios2-elf/4.8.3/mno-hw-mul\libgcc.a
LOAD ../count_binary_bsp/\libhal_bsp.a
END GROUP
LOAD c:/altera/14.1/nios2eds/bin/gnu/h-x86_64-mingw32/bin/../lib/gcc/nios2-elf/4.8.3/mno-hw-mul\libgcc.a
                0x0000000000008000                __alt_mem_onchip_mem = 0x8000

.entry          0x0000000000008000       0x20
 *(.entry)
 .entry         0x0000000000008000       0x20 ../count_binary_bsp//obj/HAL/src/crt0.o
                0x0000000000008000                __reset

.exceptions     0x0000000000008020      0x19c
                0x0000000000008020                PROVIDE (__ram_exceptions_start, ABSOLUTE (.))
                0x0000000000008020                . = ALIGN (0x20)
 *(.irq)
 *(.exceptions.entry.label)
 .exceptions.entry.label
                0x0000000000008020        0x0 ../count_binary_bsp/\libhal_bsp.a(alt_irq_entry.o)
                0x0000000000008020                alt_irq_entry
 .exceptions.entry.label
                0x0000000000008020        0x0 ../count_binary_bsp/\libhal_bsp.a(alt_exception_entry.o)
                0x0000000000008020                alt_exception
 *(.exceptions.entry.user)
 *(.exceptions.entry.ecc_fatal)
 *(.exceptions.entry)
 .exceptions.entry
                0x0000000000008020       0x54 ../count_binary_bsp/\libhal_bsp.a(alt_exception_entry.o)
 *(.exceptions.irqtest.user)
 *(.exceptions.irqtest)
 .exceptions.irqtest
                0x0000000000008074       0x10 ../count_binary_bsp/\libhal_bsp.a(alt_irq_entry.o)
 *(.exceptions.irqhandler.user)
 *(.exceptions.irqhandler)
 .exceptions.irqhandler
                0x0000000000008084        0x4 ../count_binary_bsp/\libhal_bsp.a(alt_irq_entry.o)
 *(.exceptions.irqreturn.user)
 *(.exceptions.irqreturn)
 .exceptions.irqreturn
                0x0000000000008088        0x4 ../count_binary_bsp/\libhal_bsp.a(alt_irq_entry.o)
 *(.exceptions.notirq.label)
 .exceptions.notirq.label
                0x000000000000808c        0x0 ../count_binary_bsp/\libhal_bsp.a(alt_irq_entry.o)
 *(.exceptions.notirq.user)
 *(.exceptions.notirq)
 .exceptions.notirq
                0x000000000000808c        0x8 ../count_binary_bsp/\libhal_bsp.a(alt_exception_entry.o)
 *(.exceptions.soft.user)
 *(.exceptions.soft)
 *(.exceptions.unknown.user)
 *(.exceptions.unknown)
 .exceptions.unknown
                0x0000000000008094        0x4 ../count_binary_bsp/\libhal_bsp.a(alt_exception_entry.o)
 *(.exceptions.exit.label)
 .exceptions.exit.label
                0x0000000000008098        0x0 ../count_binary_bsp/\libhal_bsp.a(alt_irq_entry.o)
 .exceptions.exit.label
                0x0000000000008098        0x0 ../count_binary_bsp/\libhal_bsp.a(alt_exception_entry.o)
 *(.exceptions.exit.user)
 *(.exceptions.exit)
 .exceptions.exit
                0x0000000000008098       0x54 ../count_binary_bsp/\libhal_bsp.a(alt_exception_entry.o)
 *(.exceptions)
 .exceptions    0x00000000000080ec       0xd0 ../count_binary_bsp/\libhal_bsp.a(alt_irq_handler.o)
                0x00000000000080ec                alt_irq_handler
                0x00000000000081bc                PROVIDE (__ram_exceptions_end, ABSOLUTE (.))
                0x0000000000008020                PROVIDE (__flash_exceptions_start, LOADADDR (.exceptions))

.text           0x00000000000081bc     0x2694
                0x00000000000081bc                PROVIDE (stext, ABSOLUTE (.))
 *(.interp)
 *(.hash)
 *(.dynsym)
 *(.dynstr)
 *(.gnu.version)
 *(.gnu.version_d)
 *(.gnu.version_r)
 *(.rel.init)
 *(.rela.init)
 *(.rel.text .rel.text.* .rel.gnu.linkonce.t.*)
 *(.rela.text .rela.text.* .rela.gnu.linkonce.t.*)
 *(.rel.fini)
 *(.rela.fini)
 *(.rel.rodata .rel.rodata.* .rel.gnu.linkonce.r.*)
 *(.rela.rodata .rela.rodata.* .rela.gnu.linkonce.r.*)
 *(.rel.data .rel.data.* .rel.gnu.linkonce.d.*)
 *(.rela.data .rela.data.* .rela.gnu.linkonce.d.*)
 *(.rel.tdata .rel.tdata.* .rel.gnu.linkonce.td.*)
 *(.rela.tdata .rela.tdata.* .rela.gnu.linkonce.td.*)
 *(.rel.tbss .rel.tbss.* .rel.gnu.linkonce.tb.*)
 *(.rela.tbss .rela.tbss.* .rela.gnu.linkonce.tb.*)
 *(.rel.ctors)
 *(.rela.ctors)
 *(.rel.dtors)
 *(.rela.dtors)
 *(.rel.got)
 *(.rela.got)
 *(.rel.sdata .rel.sdata.* .rel.gnu.linkonce.s.*)
 *(.rela.sdata .rela.sdata.* .rela.gnu.linkonce.s.*)
 *(.rel.sbss .rel.sbss.* .rel.gnu.linkonce.sb.*)
 *(.rela.sbss .rela.sbss.* .rela.gnu.linkonce.sb.*)
 *(.rel.sdata2 .rel.sdata2.* .rel.gnu.linkonce.s2.*)
 *(.rela.sdata2 .rela.sdata2.* .rela.gnu.linkonce.s2.*)
 *(.rel.sbss2 .rel.sbss2.* .rel.gnu.linkonce.sb2.*)
 *(.rela.sbss2 .rela.sbss2.* .rela.gnu.linkonce.sb2.*)
 *(.rel.bss .rel.bss.* .rel.gnu.linkonce.b.*)
 *(.rela.bss .rela.bss.* .rela.gnu.linkonce.b.*)
 *(.rel.plt)
 *(.rela.plt)
 *(.rel.dyn)
 *(.init)
 *(.plt)
 *(.text .stub .text.* .gnu.linkonce.t.*)
 .text          0x00000000000081bc       0x3c ../count_binary_bsp//obj/HAL/src/crt0.o
                0x00000000000081bc                _start
 .text          0x00000000000081f8      0x370 obj/default/count_binary.o
                0x0000000000008468                main
 .text          0x0000000000008568      0x114 c:/altera/14.1/nios2eds/bin/gnu/h-x86_64-mingw32/bin/../lib/gcc/nios2-elf/4.8.3/mno-hw-mul\libgcc.a(lib2-divmod.o)
                0x00000000000085d8                __divsi3
                0x0000000000008620                __modsi3
                0x000000000000866c                __udivsi3
                0x0000000000008674                __umodsi3
 .text          0x000000000000867c       0x88 c:/altera/14.1/nios2eds/bin/gnu/h-x86_64-mingw32/bin/../lib/gcc/nios2-elf/4.8.3/../../../../../H-x86_64-mingw32/nios2-elf/lib/mno-hw-mul\libsmallc.a(lib_a-printf.o)
                0x000000000000867c                _printf_r
                0x00000000000086b8                printf
 .text          0x0000000000008704       0x20 c:/altera/14.1/nios2eds/bin/gnu/h-x86_64-mingw32/bin/../lib/gcc/nios2-elf/4.8.3/../../../../../H-x86_64-mingw32/nios2-elf/lib/mno-hw-mul\libsmallc.a(lib_a-putchar.o)
                0x0000000000008704                _putchar_r
                0x000000000000870c                putchar
 .text          0x0000000000008724       0x94 c:/altera/14.1/nios2eds/bin/gnu/h-x86_64-mingw32/bin/../lib/gcc/nios2-elf/4.8.3/../../../../../H-x86_64-mingw32/nios2-elf/lib/mno-hw-mul\libsmallc.a(lib_a-puts.o)
                0x0000000000008724                _puts_r
                0x00000000000087a4                puts
 .text          0x00000000000087b8       0x1c c:/altera/14.1/nios2eds/bin/gnu/h-x86_64-mingw32/bin/../lib/gcc/nios2-elf/4.8.3/../../../../../H-x86_64-mingw32/nios2-elf/lib/mno-hw-mul\libsmallc.a(lib_a-strlen.o)
                0x00000000000087b8                strlen
 .text          0x00000000000087d4      0x600 c:/altera/14.1/nios2eds/bin/gnu/h-x86_64-mingw32/bin/../lib/gcc/nios2-elf/4.8.3/../../../../../H-x86_64-mingw32/nios2-elf/lib/mno-hw-mul\libsmallc.a(lib_a-vfprintf.o)
                0x0000000000008840                ___vfprintf_internal_r
                0x0000000000008db0                __vfprintf_internal
 .text          0x0000000000008dd4       0xac c:/altera/14.1/nios2eds/bin/gnu/h-x86_64-mingw32/bin/../lib/gcc/nios2-elf/4.8.3/../../../../../H-x86_64-mingw32/nios2-elf/lib/mno-hw-mul\libsmallc.a(lib_a-fvwrite_small_dev.o)
                0x0000000000008dd4                __sfvwrite_small_dev
 .text          0x0000000000008e80        0x0 c:/altera/14.1/nios2eds/bin/gnu/h-x86_64-mingw32/bin/../lib/gcc/nios2-elf/4.8.3/../../../../../H-x86_64-mingw32/nios2-elf/lib/mno-hw-mul\libsmallc.a(lib_a-impure.o)
 .text          0x0000000000008e80       0xac c:/altera/14.1/nios2eds/bin/gnu/h-x86_64-mingw32/bin/../lib/gcc/nios2-elf/4.8.3/../../../../../H-x86_64-mingw32/nios2-elf/lib/mno-hw-mul\libsmallc.a(lib_a-putc.o)
                0x0000000000008e80                putc
                0x0000000000008ed4                _putc_r
 .text          0x0000000000008f2c       0x58 c:/altera/14.1/nios2eds/bin/gnu/h-x86_64-mingw32/bin/../lib/gcc/nios2-elf/4.8.3/../../../../../H-x86_64-mingw32/nios2-elf/lib/mno-hw-mul\libsmallc.a(lib_a-writer.o)
                0x0000000000008f2c                _write_r
 .text          0x0000000000008f84        0x0 c:/altera/14.1/nios2eds/bin/gnu/h-x86_64-mingw32/bin/../lib/gcc/nios2-elf/4.8.3/../../../../../H-x86_64-mingw32/nios2-elf/lib/mno-hw-mul\libsmallc.a(lib_a-int_errno.o)
 .text          0x0000000000008f84       0x28 c:/altera/14.1/nios2eds/bin/gnu/h-x86_64-mingw32/bin/../lib/gcc/nios2-elf/4.8.3/mno-hw-mul\libgcc.a(lib2-mul.o)
                0x0000000000008f84                __mulsi3
 .text          0x0000000000008fac       0xe4 ../count_binary_bsp/\libhal_bsp.a(alt_load.o)
                0x0000000000009010                alt_load
 .text          0x0000000000009090       0x68 ../count_binary_bsp/\libhal_bsp.a(alt_main.o)
                0x0000000000009090                alt_main
 .text          0x00000000000090f8       0x30 ../count_binary_bsp/\libhal_bsp.a(alt_usleep.o)
                0x00000000000090f8                usleep
 .text          0x0000000000009128      0x144 ../count_binary_bsp/\libhal_bsp.a(alt_write.o)
                0x0000000000009178                write
 .text          0x000000000000926c       0xb8 ../count_binary_bsp/\libhal_bsp.a(alt_sys_init.o)
                0x00000000000092a4                alt_irq_init
                0x00000000000092d8                alt_sys_init
 .text          0x0000000000009324       0xc0 ../count_binary_bsp/\libhal_bsp.a(altera_avalon_jtag_uart_fd.o)
                0x0000000000009324                altera_avalon_jtag_uart_read_fd
                0x0000000000009384                altera_avalon_jtag_uart_write_fd
 .text          0x00000000000093e4       0xe4 ../count_binary_bsp/\libhal_bsp.a(altera_avalon_jtag_uart_read.o)
                0x00000000000093e4                altera_avalon_jtag_uart_read
 .text          0x00000000000094c8       0x94 ../count_binary_bsp/\libhal_bsp.a(altera_avalon_jtag_uart_write.o)
                0x00000000000094c8                altera_avalon_jtag_uart_write
 .text          0x000000000000955c       0xfc ../count_binary_bsp/\libhal_bsp.a(altera_avalon_timer_sc.o)
                0x00000000000095d0                alt_avalon_timer_sc_init
 .text          0x0000000000009658      0x154 ../count_binary_bsp/\libhal_bsp.a(alt_busy_sleep.o)
                0x0000000000009658                alt_busy_sleep
 .text          0x00000000000097ac      0x120 ../count_binary_bsp/\libhal_bsp.a(alt_close.o)
                0x00000000000097fc                close
 .text          0x00000000000098cc       0x1c ../count_binary_bsp/\libhal_bsp.a(alt_dcache_flush_all.o)
                0x00000000000098cc                alt_dcache_flush_all
 .text          0x00000000000098e8       0x2c ../count_binary_bsp/\libhal_bsp.a(alt_dev.o)
 .text          0x0000000000009914       0xf0 ../count_binary_bsp/\libhal_bsp.a(alt_dev_llist_insert.o)
                0x0000000000009964                alt_dev_llist_insert
 .text          0x0000000000009a04        0x0 ../count_binary_bsp/\libhal_bsp.a(alt_errno.o)
 .text          0x0000000000009a04       0x30 ../count_binary_bsp/\libhal_bsp.a(alt_icache_flush_all.o)
                0x0000000000009a04                alt_icache_flush_all
 .text          0x0000000000009a34      0x1d8 ../count_binary_bsp/\libhal_bsp.a(alt_iic.o)
                0x0000000000009a34                alt_ic_isr_register
                0x0000000000009a84                alt_ic_irq_enable
                0x0000000000009b20                alt_ic_irq_disable
                0x0000000000009bc0                alt_ic_irq_enabled
 .text          0x0000000000009c0c       0xf0 ../count_binary_bsp/\libhal_bsp.a(alt_iic_isr_register.o)
                0x0000000000009c0c                alt_iic_isr_register
 .text          0x0000000000009cfc      0x158 ../count_binary_bsp/\libhal_bsp.a(alt_io_redirect.o)
                0x0000000000009ddc                alt_io_redirect
 .text          0x0000000000009e54        0x0 ../count_binary_bsp/\libhal_bsp.a(alt_irq_entry.o)
 .text          0x0000000000009e54        0x0 ../count_binary_bsp/\libhal_bsp.a(alt_irq_handler.o)
 .text          0x0000000000009e54        0x0 ../count_binary_bsp/\libhal_bsp.a(alt_irq_vars.o)
 .text          0x0000000000009e54      0x2a0 ../count_binary_bsp/\libhal_bsp.a(alt_open.o)
                0x0000000000009f98                open
 .text          0x000000000000a0f4       0x80 ../count_binary_bsp/\libhal_bsp.a(alt_release_fd.o)
                0x000000000000a0f4                alt_release_fd
 .text          0x000000000000a174      0x19c ../count_binary_bsp/\libhal_bsp.a(alt_tick.o)
                0x000000000000a174                alt_alarm_stop
                0x000000000000a20c                alt_tick
 .text          0x000000000000a310       0x20 ../count_binary_bsp/\libhal_bsp.a(altera_nios2_qsys_irq.o)
                0x000000000000a310                altera_nios2_qsys_irq_init
 .text          0x000000000000a330        0x0 ../count_binary_bsp/\libhal_bsp.a(alt_exception_entry.o)
 .text          0x000000000000a330       0x90 ../count_binary_bsp/\libhal_bsp.a(alt_find_dev.o)
                0x000000000000a330                alt_find_dev
 .text          0x000000000000a3c0      0x114 ../count_binary_bsp/\libhal_bsp.a(alt_find_file.o)
                0x000000000000a3c0                alt_find_file
 .text          0x000000000000a4d4       0xd4 ../count_binary_bsp/\libhal_bsp.a(alt_get_fd.o)
                0x000000000000a4d4                alt_get_fd
 .text          0x000000000000a5a8       0x8c ../count_binary_bsp/\libhal_bsp.a(alt_icache_flush.o)
                0x000000000000a5a8                alt_icache_flush
 .text          0x000000000000a634       0x20 c:/altera/14.1/nios2eds/bin/gnu/h-x86_64-mingw32/bin/../lib/gcc/nios2-elf/4.8.3/../../../../../H-x86_64-mingw32/nios2-elf/lib/mno-hw-mul\libsmallc.a(lib_a-exit.o)
                0x000000000000a634                exit
 .text          0x000000000000a654       0x30 c:/altera/14.1/nios2eds/bin/gnu/h-x86_64-mingw32/bin/../lib/gcc/nios2-elf/4.8.3/../../../../../H-x86_64-mingw32/nios2-elf/lib/mno-hw-mul\libsmallc.a(lib_a-memcmp.o)
                0x000000000000a654                memcmp
 .text          0x000000000000a684      0x198 c:/altera/14.1/nios2eds/bin/gnu/h-x86_64-mingw32/bin/../lib/gcc/nios2-elf/4.8.3/../../../../../H-x86_64-mingw32/nios2-elf/lib/mno-hw-mul\libsmallc.a(lib_a-__call_atexit.o)
                0x000000000000a684                __call_exitprocs
 .text          0x000000000000a81c       0x34 ../count_binary_bsp/\libhal_bsp.a(alt_exit.o)
                0x000000000000a81c                _exit
 *(.gnu.warning.*)
 *(.fini)
                0x000000000000a850                PROVIDE (__etext, ABSOLUTE (.))
                0x000000000000a850                PROVIDE (_etext, ABSOLUTE (.))
                0x000000000000a850                PROVIDE (etext, ABSOLUTE (.))
 *(.eh_frame_hdr)
                0x000000000000a850                . = ALIGN (0x4)
                0x000000000000a850                PROVIDE (__preinit_array_start, ABSOLUTE (.))
 *(.preinit_array)
                0x000000000000a850                PROVIDE (__preinit_array_end, ABSOLUTE (.))
                0x000000000000a850                PROVIDE (__init_array_start, ABSOLUTE (.))
 *(.init_array)
                0x000000000000a850                PROVIDE (__init_array_end, ABSOLUTE (.))
                0x000000000000a850                PROVIDE (__fini_array_start, ABSOLUTE (.))
 *(.fini_array)
                0x000000000000a850                PROVIDE (__fini_array_end, ABSOLUTE (.))
 *(.eh_frame)
 *(.gcc_except_table .gcc_except_table.*)
 *(.dynamic)
                0x000000000000a850                PROVIDE (__CTOR_LIST__, ABSOLUTE (.))
 *(.ctors)
 *(SORT(.ctors.*))
                0x000000000000a850                PROVIDE (__CTOR_END__, ABSOLUTE (.))
                0x000000000000a850                PROVIDE (__DTOR_LIST__, ABSOLUTE (.))
 *(.dtors)
 *(SORT(.dtors.*))
                0x000000000000a850                PROVIDE (__DTOR_END__, ABSOLUTE (.))
 *(.jcr)
                0x000000000000a850                . = ALIGN (0x4)

.rodata         0x000000000000a850      0x110
                0x000000000000a850                PROVIDE (__ram_rodata_start, ABSOLUTE (.))
                0x000000000000a850                . = ALIGN (0x4)
 *(.rodata .rodata.* .gnu.linkonce.r.*)
 .rodata        0x000000000000a850       0xe0 obj/default/count_binary.o
 .rodata.str1.4
                0x000000000000a930        0x4 c:/altera/14.1/nios2eds/bin/gnu/h-x86_64-mingw32/bin/../lib/gcc/nios2-elf/4.8.3/../../../../../H-x86_64-mingw32/nios2-elf/lib/mno-hw-mul\libsmallc.a(lib_a-puts.o)
 .rodata        0x000000000000a934       0x10 ../count_binary_bsp/\libhal_bsp.a(alt_main.o)
 .rodata        0x000000000000a944       0x10 ../count_binary_bsp/\libhal_bsp.a(alt_sys_init.o)
 .rodata        0x000000000000a954        0xc ../count_binary_bsp/\libhal_bsp.a(alt_dev.o)
 *(.rodata1)
                0x000000000000a960                . = ALIGN (0x4)
                0x000000000000a960                PROVIDE (__ram_rodata_end, ABSOLUTE (.))
                0x000000000000a850                PROVIDE (__flash_rodata_start, LOADADDR (.rodata))

.rwdata         0x000000000000a960      0x2e0 load address 0x000000000000ac40
                0x000000000000a960                PROVIDE (__ram_rwdata_start, ABSOLUTE (.))
                0x000000000000a960                . = ALIGN (0x4)
 *(.got.plt)
 *(.got)
 *(.data1)
 *(.data .data.* .gnu.linkonce.d.*)
 .data          0x000000000000a960        0x0 ../count_binary_bsp//obj/HAL/src/crt0.o
 .data          0x000000000000a960        0x0 obj/default/count_binary.o
 .data          0x000000000000a960        0x0 c:/altera/14.1/nios2eds/bin/gnu/h-x86_64-mingw32/bin/../lib/gcc/nios2-elf/4.8.3/mno-hw-mul\libgcc.a(lib2-divmod.o)
 .data          0x000000000000a960        0x0 c:/altera/14.1/nios2eds/bin/gnu/h-x86_64-mingw32/bin/../lib/gcc/nios2-elf/4.8.3/../../../../../H-x86_64-mingw32/nios2-elf/lib/mno-hw-mul\libsmallc.a(lib_a-printf.o)
 .data          0x000000000000a960        0x0 c:/altera/14.1/nios2eds/bin/gnu/h-x86_64-mingw32/bin/../lib/gcc/nios2-elf/4.8.3/../../../../../H-x86_64-mingw32/nios2-elf/lib/mno-hw-mul\libsmallc.a(lib_a-putchar.o)
 .data          0x000000000000a960        0x0 c:/altera/14.1/nios2eds/bin/gnu/h-x86_64-mingw32/bin/../lib/gcc/nios2-elf/4.8.3/../../../../../H-x86_64-mingw32/nios2-elf/lib/mno-hw-mul\libsmallc.a(lib_a-puts.o)
 .data          0x000000000000a960        0x0 c:/altera/14.1/nios2eds/bin/gnu/h-x86_64-mingw32/bin/../lib/gcc/nios2-elf/4.8.3/../../../../../H-x86_64-mingw32/nios2-elf/lib/mno-hw-mul\libsmallc.a(lib_a-strlen.o)
 .data          0x000000000000a960        0x0 c:/altera/14.1/nios2eds/bin/gnu/h-x86_64-mingw32/bin/../lib/gcc/nios2-elf/4.8.3/../../../../../H-x86_64-mingw32/nios2-elf/lib/mno-hw-mul\libsmallc.a(lib_a-vfprintf.o)
 .data          0x000000000000a960        0x0 c:/altera/14.1/nios2eds/bin/gnu/h-x86_64-mingw32/bin/../lib/gcc/nios2-elf/4.8.3/../../../../../H-x86_64-mingw32/nios2-elf/lib/mno-hw-mul\libsmallc.a(lib_a-fvwrite_small_dev.o)
 .data          0x000000000000a960       0xe0 c:/altera/14.1/nios2eds/bin/gnu/h-x86_64-mingw32/bin/../lib/gcc/nios2-elf/4.8.3/../../../../../H-x86_64-mingw32/nios2-elf/lib/mno-hw-mul\libsmallc.a(lib_a-impure.o)
 .data          0x000000000000aa40        0x0 c:/altera/14.1/nios2eds/bin/gnu/h-x86_64-mingw32/bin/../lib/gcc/nios2-elf/4.8.3/../../../../../H-x86_64-mingw32/nios2-elf/lib/mno-hw-mul\libsmallc.a(lib_a-putc.o)
 .data          0x000000000000aa40        0x0 c:/altera/14.1/nios2eds/bin/gnu/h-x86_64-mingw32/bin/../lib/gcc/nios2-elf/4.8.3/../../../../../H-x86_64-mingw32/nios2-elf/lib/mno-hw-mul\libsmallc.a(lib_a-writer.o)
 .data          0x000000000000aa40        0x0 c:/altera/14.1/nios2eds/bin/gnu/h-x86_64-mingw32/bin/../lib/gcc/nios2-elf/4.8.3/../../../../../H-x86_64-mingw32/nios2-elf/lib/mno-hw-mul\libsmallc.a(lib_a-int_errno.o)
 .data          0x000000000000aa40        0x0 c:/altera/14.1/nios2eds/bin/gnu/h-x86_64-mingw32/bin/../lib/gcc/nios2-elf/4.8.3/mno-hw-mul\libgcc.a(lib2-mul.o)
 .data          0x000000000000aa40        0x0 ../count_binary_bsp/\libhal_bsp.a(alt_load.o)
 .data          0x000000000000aa40        0x0 ../count_binary_bsp/\libhal_bsp.a(alt_main.o)
 .data          0x000000000000aa40        0x0 ../count_binary_bsp/\libhal_bsp.a(alt_usleep.o)
 .data          0x000000000000aa40        0x0 ../count_binary_bsp/\libhal_bsp.a(alt_write.o)
 .data          0x000000000000aa40       0x2c ../count_binary_bsp/\libhal_bsp.a(alt_sys_init.o)
 .data          0x000000000000aa6c        0x0 ../count_binary_bsp/\libhal_bsp.a(altera_avalon_jtag_uart_fd.o)
 .data          0x000000000000aa6c        0x0 ../count_binary_bsp/\libhal_bsp.a(altera_avalon_jtag_uart_read.o)
 .data          0x000000000000aa6c        0x0 ../count_binary_bsp/\libhal_bsp.a(altera_avalon_jtag_uart_write.o)
 .data          0x000000000000aa6c        0x0 ../count_binary_bsp/\libhal_bsp.a(altera_avalon_timer_sc.o)
 .data          0x000000000000aa6c        0x0 ../count_binary_bsp/\libhal_bsp.a(alt_busy_sleep.o)
 .data          0x000000000000aa6c        0x0 ../count_binary_bsp/\libhal_bsp.a(alt_close.o)
 .data          0x000000000000aa6c        0x0 ../count_binary_bsp/\libhal_bsp.a(alt_dcache_flush_all.o)
 .data          0x000000000000aa6c      0x1a8 ../count_binary_bsp/\libhal_bsp.a(alt_dev.o)
                0x000000000000aa6c                alt_dev_null
                0x000000000000aa94                alt_fd_list
 .data          0x000000000000ac14        0x0 ../count_binary_bsp/\libhal_bsp.a(alt_dev_llist_insert.o)
 .data          0x000000000000ac14        0x0 ../count_binary_bsp/\libhal_bsp.a(alt_errno.o)
 .data          0x000000000000ac14        0x0 ../count_binary_bsp/\libhal_bsp.a(alt_icache_flush_all.o)
 .data          0x000000000000ac14        0x0 ../count_binary_bsp/\libhal_bsp.a(alt_iic.o)
 .data          0x000000000000ac14        0x0 ../count_binary_bsp/\libhal_bsp.a(alt_iic_isr_register.o)
 .data          0x000000000000ac14        0x0 ../count_binary_bsp/\libhal_bsp.a(alt_io_redirect.o)
 .data          0x000000000000ac14        0x0 ../count_binary_bsp/\libhal_bsp.a(alt_irq_entry.o)
 .data          0x000000000000ac14        0x0 ../count_binary_bsp/\libhal_bsp.a(alt_irq_handler.o)
 .data          0x000000000000ac14        0x0 ../count_binary_bsp/\libhal_bsp.a(alt_irq_vars.o)
 .data          0x000000000000ac14        0x0 ../count_binary_bsp/\libhal_bsp.a(alt_open.o)
 .data          0x000000000000ac14        0x0 ../count_binary_bsp/\libhal_bsp.a(alt_release_fd.o)
 .data          0x000000000000ac14        0x0 ../count_binary_bsp/\libhal_bsp.a(alt_tick.o)
 .data          0x000000000000ac14        0x0 ../count_binary_bsp/\libhal_bsp.a(altera_nios2_qsys_irq.o)
 .data          0x000000000000ac14        0x0 ../count_binary_bsp/\libhal_bsp.a(alt_exception_entry.o)
 .data          0x000000000000ac14        0x0 ../count_binary_bsp/\libhal_bsp.a(alt_find_dev.o)
 .data          0x000000000000ac14        0x0 ../count_binary_bsp/\libhal_bsp.a(alt_find_file.o)
 .data          0x000000000000ac14        0x0 ../count_binary_bsp/\libhal_bsp.a(alt_get_fd.o)
 .data          0x000000000000ac14        0x0 ../count_binary_bsp/\libhal_bsp.a(alt_icache_flush.o)
 .data          0x000000000000ac14        0x0 c:/altera/14.1/nios2eds/bin/gnu/h-x86_64-mingw32/bin/../lib/gcc/nios2-elf/4.8.3/../../../../../H-x86_64-mingw32/nios2-elf/lib/mno-hw-mul\libsmallc.a(lib_a-exit.o)
 .data          0x000000000000ac14        0x0 c:/altera/14.1/nios2eds/bin/gnu/h-x86_64-mingw32/bin/../lib/gcc/nios2-elf/4.8.3/../../../../../H-x86_64-mingw32/nios2-elf/lib/mno-hw-mul\libsmallc.a(lib_a-memcmp.o)
 .data          0x000000000000ac14        0x0 c:/altera/14.1/nios2eds/bin/gnu/h-x86_64-mingw32/bin/../lib/gcc/nios2-elf/4.8.3/../../../../../H-x86_64-mingw32/nios2-elf/lib/mno-hw-mul\libsmallc.a(lib_a-__call_atexit.o)
 .data          0x000000000000ac14        0x0 ../count_binary_bsp/\libhal_bsp.a(alt_exit.o)
                0x0000000000012c14                _gp = ABSOLUTE ((. + 0x8000))
                0x0000000000012c14                PROVIDE (gp, _gp)
 *(.rwdata .rwdata.*)
 *(.sdata .sdata.* .gnu.linkonce.s.*)
 .sdata         0x000000000000ac14        0x8 c:/altera/14.1/nios2eds/bin/gnu/h-x86_64-mingw32/bin/../lib/gcc/nios2-elf/4.8.3/../../../../../H-x86_64-mingw32/nios2-elf/lib/mno-hw-mul\libsmallc.a(lib_a-impure.o)
                0x000000000000ac14                _global_impure_ptr
                0x000000000000ac18                _impure_ptr
 .sdata         0x000000000000ac1c       0x14 ../count_binary_bsp/\libhal_bsp.a(alt_dev.o)
                0x000000000000ac1c                alt_fs_list
                0x000000000000ac24                alt_dev_list
                0x000000000000ac2c                alt_max_fd
 .sdata         0x000000000000ac30        0x4 ../count_binary_bsp/\libhal_bsp.a(alt_errno.o)
                0x000000000000ac30                alt_errno
 .sdata         0x000000000000ac34        0x4 ../count_binary_bsp/\libhal_bsp.a(alt_irq_vars.o)
                0x000000000000ac34                alt_priority_mask
 .sdata         0x000000000000ac38        0x8 ../count_binary_bsp/\libhal_bsp.a(alt_tick.o)
                0x000000000000ac38                alt_alarm_list
 *(.sdata2 .sdata2.* .gnu.linkonce.s2.*)
                0x000000000000ac40                . = ALIGN (0x4)
                0x000000000000ac40                _edata = ABSOLUTE (.)
                0x000000000000ac40                PROVIDE (edata, ABSOLUTE (.))
                0x000000000000ac40                PROVIDE (__ram_rwdata_end, ABSOLUTE (.))
                0x000000000000ac40                PROVIDE (__flash_rwdata_start, LOADADDR (.rwdata))

.bss            0x000000000000af20      0x124
                0x000000000000af20                __bss_start = ABSOLUTE (.)
                0x000000000000af20                PROVIDE (__sbss_start, ABSOLUTE (.))
                0x000000000000af20                PROVIDE (___sbss_start, ABSOLUTE (.))
 *(.dynsbss)
 *(.sbss .sbss.* .gnu.linkonce.sb.*)
 .sbss          0x000000000000af20        0x1 obj/default/count_binary.o
 *fill*         0x000000000000af21        0x3 
 .sbss          0x000000000000af24        0x4 obj/default/count_binary.o
                0x000000000000af24                edge_capture
 .sbss          0x000000000000af28        0x4 c:/altera/14.1/nios2eds/bin/gnu/h-x86_64-mingw32/bin/../lib/gcc/nios2-elf/4.8.3/../../../../../H-x86_64-mingw32/nios2-elf/lib/mno-hw-mul\libsmallc.a(lib_a-int_errno.o)
                0x000000000000af28                errno
 .sbss          0x000000000000af2c        0xc ../count_binary_bsp/\libhal_bsp.a(alt_main.o)
                0x000000000000af2c                alt_argc
                0x000000000000af30                alt_argv
                0x000000000000af34                alt_envp
 .sbss          0x000000000000af38        0x4 ../count_binary_bsp/\libhal_bsp.a(alt_irq_vars.o)
                0x000000000000af38                alt_irq_active
 .sbss          0x000000000000af3c        0x8 ../count_binary_bsp/\libhal_bsp.a(alt_tick.o)
                0x000000000000af3c                _alt_tick_rate
                0x000000000000af40                _alt_nticks
 *(.sbss2 .sbss2.* .gnu.linkonce.sb2.*)
 *(.scommon)
                0x000000000000af44                PROVIDE (__sbss_end, ABSOLUTE (.))
                0x000000000000af44                PROVIDE (___sbss_end, ABSOLUTE (.))
 *(.dynbss)
 *(.bss .bss.* .gnu.linkonce.b.*)
 .bss           0x000000000000af44        0x0 ../count_binary_bsp//obj/HAL/src/crt0.o
 .bss           0x000000000000af44        0x0 obj/default/count_binary.o
 .bss           0x000000000000af44        0x0 c:/altera/14.1/nios2eds/bin/gnu/h-x86_64-mingw32/bin/../lib/gcc/nios2-elf/4.8.3/mno-hw-mul\libgcc.a(lib2-divmod.o)
 .bss           0x000000000000af44        0x0 c:/altera/14.1/nios2eds/bin/gnu/h-x86_64-mingw32/bin/../lib/gcc/nios2-elf/4.8.3/../../../../../H-x86_64-mingw32/nios2-elf/lib/mno-hw-mul\libsmallc.a(lib_a-printf.o)
 .bss           0x000000000000af44        0x0 c:/altera/14.1/nios2eds/bin/gnu/h-x86_64-mingw32/bin/../lib/gcc/nios2-elf/4.8.3/../../../../../H-x86_64-mingw32/nios2-elf/lib/mno-hw-mul\libsmallc.a(lib_a-putchar.o)
 .bss           0x000000000000af44        0x0 c:/altera/14.1/nios2eds/bin/gnu/h-x86_64-mingw32/bin/../lib/gcc/nios2-elf/4.8.3/../../../../../H-x86_64-mingw32/nios2-elf/lib/mno-hw-mul\libsmallc.a(lib_a-puts.o)
 .bss           0x000000000000af44        0x0 c:/altera/14.1/nios2eds/bin/gnu/h-x86_64-mingw32/bin/../lib/gcc/nios2-elf/4.8.3/../../../../../H-x86_64-mingw32/nios2-elf/lib/mno-hw-mul\libsmallc.a(lib_a-strlen.o)
 .bss           0x000000000000af44        0x0 c:/altera/14.1/nios2eds/bin/gnu/h-x86_64-mingw32/bin/../lib/gcc/nios2-elf/4.8.3/../../../../../H-x86_64-mingw32/nios2-elf/lib/mno-hw-mul\libsmallc.a(lib_a-vfprintf.o)
 .bss           0x000000000000af44        0x0 c:/altera/14.1/nios2eds/bin/gnu/h-x86_64-mingw32/bin/../lib/gcc/nios2-elf/4.8.3/../../../../../H-x86_64-mingw32/nios2-elf/lib/mno-hw-mul\libsmallc.a(lib_a-fvwrite_small_dev.o)
 .bss           0x000000000000af44        0x0 c:/altera/14.1/nios2eds/bin/gnu/h-x86_64-mingw32/bin/../lib/gcc/nios2-elf/4.8.3/../../../../../H-x86_64-mingw32/nios2-elf/lib/mno-hw-mul\libsmallc.a(lib_a-impure.o)
 .bss           0x000000000000af44        0x0 c:/altera/14.1/nios2eds/bin/gnu/h-x86_64-mingw32/bin/../lib/gcc/nios2-elf/4.8.3/../../../../../H-x86_64-mingw32/nios2-elf/lib/mno-hw-mul\libsmallc.a(lib_a-putc.o)
 .bss           0x000000000000af44        0x0 c:/altera/14.1/nios2eds/bin/gnu/h-x86_64-mingw32/bin/../lib/gcc/nios2-elf/4.8.3/../../../../../H-x86_64-mingw32/nios2-elf/lib/mno-hw-mul\libsmallc.a(lib_a-writer.o)
 .bss           0x000000000000af44        0x0 c:/altera/14.1/nios2eds/bin/gnu/h-x86_64-mingw32/bin/../lib/gcc/nios2-elf/4.8.3/../../../../../H-x86_64-mingw32/nios2-elf/lib/mno-hw-mul\libsmallc.a(lib_a-int_errno.o)
 .bss           0x000000000000af44        0x0 c:/altera/14.1/nios2eds/bin/gnu/h-x86_64-mingw32/bin/../lib/gcc/nios2-elf/4.8.3/mno-hw-mul\libgcc.a(lib2-mul.o)
 .bss           0x000000000000af44        0x0 ../count_binary_bsp/\libhal_bsp.a(alt_load.o)
 .bss           0x000000000000af44        0x0 ../count_binary_bsp/\libhal_bsp.a(alt_main.o)
 .bss           0x000000000000af44        0x0 ../count_binary_bsp/\libhal_bsp.a(alt_usleep.o)
 .bss           0x000000000000af44        0x0 ../count_binary_bsp/\libhal_bsp.a(alt_write.o)
 .bss           0x000000000000af44        0x0 ../count_binary_bsp/\libhal_bsp.a(alt_sys_init.o)
 .bss           0x000000000000af44        0x0 ../count_binary_bsp/\libhal_bsp.a(altera_avalon_jtag_uart_fd.o)
 .bss           0x000000000000af44        0x0 ../count_binary_bsp/\libhal_bsp.a(altera_avalon_jtag_uart_read.o)
 .bss           0x000000000000af44        0x0 ../count_binary_bsp/\libhal_bsp.a(altera_avalon_jtag_uart_write.o)
 .bss           0x000000000000af44        0x0 ../count_binary_bsp/\libhal_bsp.a(altera_avalon_timer_sc.o)
 .bss           0x000000000000af44        0x0 ../count_binary_bsp/\libhal_bsp.a(alt_busy_sleep.o)
 .bss           0x000000000000af44        0x0 ../count_binary_bsp/\libhal_bsp.a(alt_close.o)
 .bss           0x000000000000af44        0x0 ../count_binary_bsp/\libhal_bsp.a(alt_dcache_flush_all.o)
 .bss           0x000000000000af44        0x0 ../count_binary_bsp/\libhal_bsp.a(alt_dev.o)
 .bss           0x000000000000af44        0x0 ../count_binary_bsp/\libhal_bsp.a(alt_dev_llist_insert.o)
 .bss           0x000000000000af44        0x0 ../count_binary_bsp/\libhal_bsp.a(alt_errno.o)
 .bss           0x000000000000af44        0x0 ../count_binary_bsp/\libhal_bsp.a(alt_icache_flush_all.o)
 .bss           0x000000000000af44        0x0 ../count_binary_bsp/\libhal_bsp.a(alt_iic.o)
 .bss           0x000000000000af44        0x0 ../count_binary_bsp/\libhal_bsp.a(alt_iic_isr_register.o)
 .bss           0x000000000000af44        0x0 ../count_binary_bsp/\libhal_bsp.a(alt_io_redirect.o)
 .bss           0x000000000000af44        0x0 ../count_binary_bsp/\libhal_bsp.a(alt_irq_entry.o)
 .bss           0x000000000000af44        0x0 ../count_binary_bsp/\libhal_bsp.a(alt_irq_handler.o)
 .bss           0x000000000000af44        0x0 ../count_binary_bsp/\libhal_bsp.a(alt_irq_vars.o)
 .bss           0x000000000000af44        0x0 ../count_binary_bsp/\libhal_bsp.a(alt_open.o)
 .bss           0x000000000000af44        0x0 ../count_binary_bsp/\libhal_bsp.a(alt_release_fd.o)
 .bss           0x000000000000af44        0x0 ../count_binary_bsp/\libhal_bsp.a(alt_tick.o)
 .bss           0x000000000000af44        0x0 ../count_binary_bsp/\libhal_bsp.a(altera_nios2_qsys_irq.o)
 .bss           0x000000000000af44        0x0 ../count_binary_bsp/\libhal_bsp.a(alt_exception_entry.o)
 .bss           0x000000000000af44        0x0 ../count_binary_bsp/\libhal_bsp.a(alt_find_dev.o)
 .bss           0x000000000000af44        0x0 ../count_binary_bsp/\libhal_bsp.a(alt_find_file.o)
 .bss           0x000000000000af44        0x0 ../count_binary_bsp/\libhal_bsp.a(alt_get_fd.o)
 .bss           0x000000000000af44        0x0 ../count_binary_bsp/\libhal_bsp.a(alt_icache_flush.o)
 .bss           0x000000000000af44        0x0 c:/altera/14.1/nios2eds/bin/gnu/h-x86_64-mingw32/bin/../lib/gcc/nios2-elf/4.8.3/../../../../../H-x86_64-mingw32/nios2-elf/lib/mno-hw-mul\libsmallc.a(lib_a-exit.o)
 .bss           0x000000000000af44        0x0 c:/altera/14.1/nios2eds/bin/gnu/h-x86_64-mingw32/bin/../lib/gcc/nios2-elf/4.8.3/../../../../../H-x86_64-mingw32/nios2-elf/lib/mno-hw-mul\libsmallc.a(lib_a-memcmp.o)
 .bss           0x000000000000af44        0x0 c:/altera/14.1/nios2eds/bin/gnu/h-x86_64-mingw32/bin/../lib/gcc/nios2-elf/4.8.3/../../../../../H-x86_64-mingw32/nios2-elf/lib/mno-hw-mul\libsmallc.a(lib_a-__call_atexit.o)
 .bss           0x000000000000af44        0x0 ../count_binary_bsp/\libhal_bsp.a(alt_exit.o)
 *(COMMON)
 COMMON         0x000000000000af44      0x100 ../count_binary_bsp/\libhal_bsp.a(alt_irq_handler.o)
                0x000000000000af44                alt_irq
                0x000000000000b044                . = ALIGN (0x4)
                0x000000000000b044                __bss_end = ABSOLUTE (.)

.onchip_mem     0x000000000000b044        0x0
                0x000000000000b044                PROVIDE (_alt_partition_onchip_mem_start, ABSOLUTE (.))
 *(.onchip_mem .onchip_mem. onchip_mem.*)
                0x000000000000b044                . = ALIGN (0x4)
                0x000000000000b044                PROVIDE (_alt_partition_onchip_mem_end, ABSOLUTE (.))
                0x000000000000b044                _end = ABSOLUTE (.)
                0x000000000000b044                end = ABSOLUTE (.)
                0x000000000000b044                __alt_stack_base = ABSOLUTE (.)
                0x000000000000b044                PROVIDE (_alt_partition_onchip_mem_load_addr, LOADADDR (.onchip_mem))

.stab
 *(.stab)

.stabstr
 *(.stabstr)

.stab.excl
 *(.stab.excl)

.stab.exclstr
 *(.stab.exclstr)

.stab.index
 *(.stab.index)

.stab.indexstr
 *(.stab.indexstr)

.comment        0x0000000000000000       0x39
 *(.comment)
 .comment       0x0000000000000000       0x39 obj/default/count_binary.o
                                         0x3a (size before relaxing)
 .comment       0x0000000000000000       0x3a c:/altera/14.1/nios2eds/bin/gnu/h-x86_64-mingw32/bin/../lib/gcc/nios2-elf/4.8.3/mno-hw-mul\libgcc.a(lib2-divmod.o)
 .comment       0x0000000000000000       0x3a c:/altera/14.1/nios2eds/bin/gnu/h-x86_64-mingw32/bin/../lib/gcc/nios2-elf/4.8.3/../../../../../H-x86_64-mingw32/nios2-elf/lib/mno-hw-mul\libsmallc.a(lib_a-printf.o)
 .comment       0x0000000000000000       0x3a c:/altera/14.1/nios2eds/bin/gnu/h-x86_64-mingw32/bin/../lib/gcc/nios2-elf/4.8.3/../../../../../H-x86_64-mingw32/nios2-elf/lib/mno-hw-mul\libsmallc.a(lib_a-putchar.o)
 .comment       0x0000000000000000       0x3a c:/altera/14.1/nios2eds/bin/gnu/h-x86_64-mingw32/bin/../lib/gcc/nios2-elf/4.8.3/../../../../../H-x86_64-mingw32/nios2-elf/lib/mno-hw-mul\libsmallc.a(lib_a-puts.o)
 .comment       0x0000000000000000       0x3a c:/altera/14.1/nios2eds/bin/gnu/h-x86_64-mingw32/bin/../lib/gcc/nios2-elf/4.8.3/../../../../../H-x86_64-mingw32/nios2-elf/lib/mno-hw-mul\libsmallc.a(lib_a-strlen.o)
 .comment       0x0000000000000000       0x3a c:/altera/14.1/nios2eds/bin/gnu/h-x86_64-mingw32/bin/../lib/gcc/nios2-elf/4.8.3/../../../../../H-x86_64-mingw32/nios2-elf/lib/mno-hw-mul\libsmallc.a(lib_a-vfprintf.o)
 .comment       0x0000000000000000       0x3a c:/altera/14.1/nios2eds/bin/gnu/h-x86_64-mingw32/bin/../lib/gcc/nios2-elf/4.8.3/../../../../../H-x86_64-mingw32/nios2-elf/lib/mno-hw-mul\libsmallc.a(lib_a-fvwrite_small_dev.o)
 .comment       0x0000000000000000       0x3a c:/altera/14.1/nios2eds/bin/gnu/h-x86_64-mingw32/bin/../lib/gcc/nios2-elf/4.8.3/../../../../../H-x86_64-mingw32/nios2-elf/lib/mno-hw-mul\libsmallc.a(lib_a-impure.o)
 .comment       0x0000000000000000       0x3a c:/altera/14.1/nios2eds/bin/gnu/h-x86_64-mingw32/bin/../lib/gcc/nios2-elf/4.8.3/../../../../../H-x86_64-mingw32/nios2-elf/lib/mno-hw-mul\libsmallc.a(lib_a-putc.o)
 .comment       0x0000000000000000       0x3a c:/altera/14.1/nios2eds/bin/gnu/h-x86_64-mingw32/bin/../lib/gcc/nios2-elf/4.8.3/../../../../../H-x86_64-mingw32/nios2-elf/lib/mno-hw-mul\libsmallc.a(lib_a-writer.o)
 .comment       0x0000000000000000       0x3a c:/altera/14.1/nios2eds/bin/gnu/h-x86_64-mingw32/bin/../lib/gcc/nios2-elf/4.8.3/../../../../../H-x86_64-mingw32/nios2-elf/lib/mno-hw-mul\libsmallc.a(lib_a-int_errno.o)
 .comment       0x0000000000000000       0x3a c:/altera/14.1/nios2eds/bin/gnu/h-x86_64-mingw32/bin/../lib/gcc/nios2-elf/4.8.3/mno-hw-mul\libgcc.a(lib2-mul.o)
 .comment       0x0000000000000000       0x3a ../count_binary_bsp/\libhal_bsp.a(alt_load.o)
 .comment       0x0000000000000000       0x3a ../count_binary_bsp/\libhal_bsp.a(alt_main.o)
 .comment       0x0000000000000000       0x3a ../count_binary_bsp/\libhal_bsp.a(alt_usleep.o)
 .comment       0x0000000000000000       0x3a ../count_binary_bsp/\libhal_bsp.a(alt_write.o)
 .comment       0x0000000000000000       0x3a ../count_binary_bsp/\libhal_bsp.a(alt_sys_init.o)
 .comment       0x0000000000000000       0x3a ../count_binary_bsp/\libhal_bsp.a(altera_avalon_jtag_uart_fd.o)
 .comment       0x0000000000000000       0x3a ../count_binary_bsp/\libhal_bsp.a(altera_avalon_jtag_uart_read.o)
 .comment       0x0000000000000000       0x3a ../count_binary_bsp/\libhal_bsp.a(altera_avalon_jtag_uart_write.o)
 .comment       0x0000000000000000       0x3a ../count_binary_bsp/\libhal_bsp.a(altera_avalon_timer_sc.o)
 .comment       0x0000000000000000       0x3a ../count_binary_bsp/\libhal_bsp.a(alt_busy_sleep.o)
 .comment       0x0000000000000000       0x3a ../count_binary_bsp/\libhal_bsp.a(alt_close.o)
 .comment       0x0000000000000000       0x3a ../count_binary_bsp/\libhal_bsp.a(alt_dcache_flush_all.o)
 .comment       0x0000000000000000       0x3a ../count_binary_bsp/\libhal_bsp.a(alt_dev.o)
 .comment       0x0000000000000000       0x3a ../count_binary_bsp/\libhal_bsp.a(alt_dev_llist_insert.o)
 .comment       0x0000000000000000       0x3a ../count_binary_bsp/\libhal_bsp.a(alt_errno.o)
 .comment       0x0000000000000000       0x3a ../count_binary_bsp/\libhal_bsp.a(alt_icache_flush_all.o)
 .comment       0x0000000000000000       0x3a ../count_binary_bsp/\libhal_bsp.a(alt_iic.o)
 .comment       0x0000000000000000       0x3a ../count_binary_bsp/\libhal_bsp.a(alt_iic_isr_register.o)
 .comment       0x0000000000000000       0x3a ../count_binary_bsp/\libhal_bsp.a(alt_io_redirect.o)
 .comment       0x0000000000000000       0x3a ../count_binary_bsp/\libhal_bsp.a(alt_irq_handler.o)
 .comment       0x0000000000000000       0x3a ../count_binary_bsp/\libhal_bsp.a(alt_irq_vars.o)
 .comment       0x0000000000000000       0x3a ../count_binary_bsp/\libhal_bsp.a(alt_open.o)
 .comment       0x0000000000000000       0x3a ../count_binary_bsp/\libhal_bsp.a(alt_release_fd.o)
 .comment       0x0000000000000000       0x3a ../count_binary_bsp/\libhal_bsp.a(alt_tick.o)
 .comment       0x0000000000000000       0x3a ../count_binary_bsp/\libhal_bsp.a(altera_nios2_qsys_irq.o)
 .comment       0x0000000000000000       0x3a ../count_binary_bsp/\libhal_bsp.a(alt_find_dev.o)
 .comment       0x0000000000000000       0x3a ../count_binary_bsp/\libhal_bsp.a(alt_find_file.o)
 .comment       0x0000000000000000       0x3a ../count_binary_bsp/\libhal_bsp.a(alt_get_fd.o)
 .comment       0x0000000000000000       0x3a ../count_binary_bsp/\libhal_bsp.a(alt_icache_flush.o)
 .comment       0x0000000000000000       0x3a c:/altera/14.1/nios2eds/bin/gnu/h-x86_64-mingw32/bin/../lib/gcc/nios2-elf/4.8.3/../../../../../H-x86_64-mingw32/nios2-elf/lib/mno-hw-mul\libsmallc.a(lib_a-exit.o)
 .comment       0x0000000000000000       0x3a c:/altera/14.1/nios2eds/bin/gnu/h-x86_64-mingw32/bin/../lib/gcc/nios2-elf/4.8.3/../../../../../H-x86_64-mingw32/nios2-elf/lib/mno-hw-mul\libsmallc.a(lib_a-memcmp.o)
 .comment       0x0000000000000000       0x3a c:/altera/14.1/nios2eds/bin/gnu/h-x86_64-mingw32/bin/../lib/gcc/nios2-elf/4.8.3/../../../../../H-x86_64-mingw32/nios2-elf/lib/mno-hw-mul\libsmallc.a(lib_a-__call_atexit.o)
 .comment       0x0000000000000000       0x3a ../count_binary_bsp/\libhal_bsp.a(alt_exit.o)

.debug
 *(.debug)

.line
 *(.line)

.debug_srcinfo
 *(.debug_srcinfo)

.debug_sfnames
 *(.debug_sfnames)

.debug_aranges  0x0000000000000000      0x630
 *(.debug_aranges)
 .debug_aranges
                0x0000000000000000       0x28 ../count_binary_bsp//obj/HAL/src/crt0.o
 .debug_aranges
                0x0000000000000028       0x20 obj/default/count_binary.o
 .debug_aranges
                0x0000000000000048       0x20 c:/altera/14.1/nios2eds/bin/gnu/h-x86_64-mingw32/bin/../lib/gcc/nios2-elf/4.8.3/mno-hw-mul\libgcc.a(lib2-divmod.o)
 .debug_aranges
                0x0000000000000068       0x20 c:/altera/14.1/nios2eds/bin/gnu/h-x86_64-mingw32/bin/../lib/gcc/nios2-elf/4.8.3/../../../../../H-x86_64-mingw32/nios2-elf/lib/mno-hw-mul\libsmallc.a(lib_a-printf.o)
 .debug_aranges
                0x0000000000000088       0x20 c:/altera/14.1/nios2eds/bin/gnu/h-x86_64-mingw32/bin/../lib/gcc/nios2-elf/4.8.3/../../../../../H-x86_64-mingw32/nios2-elf/lib/mno-hw-mul\libsmallc.a(lib_a-putchar.o)
 .debug_aranges
                0x00000000000000a8       0x20 c:/altera/14.1/nios2eds/bin/gnu/h-x86_64-mingw32/bin/../lib/gcc/nios2-elf/4.8.3/../../../../../H-x86_64-mingw32/nios2-elf/lib/mno-hw-mul\libsmallc.a(lib_a-puts.o)
 .debug_aranges
                0x00000000000000c8       0x20 c:/altera/14.1/nios2eds/bin/gnu/h-x86_64-mingw32/bin/../lib/gcc/nios2-elf/4.8.3/../../../../../H-x86_64-mingw32/nios2-elf/lib/mno-hw-mul\libsmallc.a(lib_a-strlen.o)
 .debug_aranges
                0x00000000000000e8       0x20 c:/altera/14.1/nios2eds/bin/gnu/h-x86_64-mingw32/bin/../lib/gcc/nios2-elf/4.8.3/../../../../../H-x86_64-mingw32/nios2-elf/lib/mno-hw-mul\libsmallc.a(lib_a-vfprintf.o)
 .debug_aranges
                0x0000000000000108       0x20 c:/altera/14.1/nios2eds/bin/gnu/h-x86_64-mingw32/bin/../lib/gcc/nios2-elf/4.8.3/../../../../../H-x86_64-mingw32/nios2-elf/lib/mno-hw-mul\libsmallc.a(lib_a-fvwrite_small_dev.o)
 .debug_aranges
                0x0000000000000128       0x18 c:/altera/14.1/nios2eds/bin/gnu/h-x86_64-mingw32/bin/../lib/gcc/nios2-elf/4.8.3/../../../../../H-x86_64-mingw32/nios2-elf/lib/mno-hw-mul\libsmallc.a(lib_a-impure.o)
 .debug_aranges
                0x0000000000000140       0x20 c:/altera/14.1/nios2eds/bin/gnu/h-x86_64-mingw32/bin/../lib/gcc/nios2-elf/4.8.3/../../../../../H-x86_64-mingw32/nios2-elf/lib/mno-hw-mul\libsmallc.a(lib_a-putc.o)
 .debug_aranges
                0x0000000000000160       0x20 c:/altera/14.1/nios2eds/bin/gnu/h-x86_64-mingw32/bin/../lib/gcc/nios2-elf/4.8.3/../../../../../H-x86_64-mingw32/nios2-elf/lib/mno-hw-mul\libsmallc.a(lib_a-writer.o)
 .debug_aranges
                0x0000000000000180       0x18 c:/altera/14.1/nios2eds/bin/gnu/h-x86_64-mingw32/bin/../lib/gcc/nios2-elf/4.8.3/../../../../../H-x86_64-mingw32/nios2-elf/lib/mno-hw-mul\libsmallc.a(lib_a-int_errno.o)
 .debug_aranges
                0x0000000000000198       0x20 c:/altera/14.1/nios2eds/bin/gnu/h-x86_64-mingw32/bin/../lib/gcc/nios2-elf/4.8.3/mno-hw-mul\libgcc.a(lib2-mul.o)
 .debug_aranges
                0x00000000000001b8       0x20 ../count_binary_bsp/\libhal_bsp.a(alt_load.o)
 .debug_aranges
                0x00000000000001d8       0x20 ../count_binary_bsp/\libhal_bsp.a(alt_main.o)
 .debug_aranges
                0x00000000000001f8       0x20 ../count_binary_bsp/\libhal_bsp.a(alt_usleep.o)
 .debug_aranges
                0x0000000000000218       0x20 ../count_binary_bsp/\libhal_bsp.a(alt_write.o)
 .debug_aranges
                0x0000000000000238       0x20 ../count_binary_bsp/\libhal_bsp.a(alt_sys_init.o)
 .debug_aranges
                0x0000000000000258       0x20 ../count_binary_bsp/\libhal_bsp.a(altera_avalon_jtag_uart_fd.o)
 .debug_aranges
                0x0000000000000278       0x20 ../count_binary_bsp/\libhal_bsp.a(altera_avalon_jtag_uart_read.o)
 .debug_aranges
                0x0000000000000298       0x20 ../count_binary_bsp/\libhal_bsp.a(altera_avalon_jtag_uart_write.o)
 .debug_aranges
                0x00000000000002b8       0x20 ../count_binary_bsp/\libhal_bsp.a(altera_avalon_timer_sc.o)
 .debug_aranges
                0x00000000000002d8       0x20 ../count_binary_bsp/\libhal_bsp.a(alt_busy_sleep.o)
 .debug_aranges
                0x00000000000002f8       0x20 ../count_binary_bsp/\libhal_bsp.a(alt_close.o)
 .debug_aranges
                0x0000000000000318       0x20 ../count_binary_bsp/\libhal_bsp.a(alt_dcache_flush_all.o)
 .debug_aranges
                0x0000000000000338       0x20 ../count_binary_bsp/\libhal_bsp.a(alt_dev.o)
 .debug_aranges
                0x0000000000000358       0x20 ../count_binary_bsp/\libhal_bsp.a(alt_dev_llist_insert.o)
 .debug_aranges
                0x0000000000000378       0x18 ../count_binary_bsp/\libhal_bsp.a(alt_errno.o)
 .debug_aranges
                0x0000000000000390       0x20 ../count_binary_bsp/\libhal_bsp.a(alt_icache_flush_all.o)
 .debug_aranges
                0x00000000000003b0       0x20 ../count_binary_bsp/\libhal_bsp.a(alt_iic.o)
 .debug_aranges
                0x00000000000003d0       0x20 ../count_binary_bsp/\libhal_bsp.a(alt_iic_isr_register.o)
 .debug_aranges
                0x00000000000003f0       0x20 ../count_binary_bsp/\libhal_bsp.a(alt_io_redirect.o)
 .debug_aranges
                0x0000000000000410       0x30 ../count_binary_bsp/\libhal_bsp.a(alt_irq_entry.o)
 .debug_aranges
                0x0000000000000440       0x20 ../count_binary_bsp/\libhal_bsp.a(alt_irq_handler.o)
 .debug_aranges
                0x0000000000000460       0x18 ../count_binary_bsp/\libhal_bsp.a(alt_irq_vars.o)
 .debug_aranges
                0x0000000000000478       0x20 ../count_binary_bsp/\libhal_bsp.a(alt_open.o)
 .debug_aranges
                0x0000000000000498       0x20 ../count_binary_bsp/\libhal_bsp.a(alt_release_fd.o)
 .debug_aranges
                0x00000000000004b8       0x20 ../count_binary_bsp/\libhal_bsp.a(alt_tick.o)
 .debug_aranges
                0x00000000000004d8       0x20 ../count_binary_bsp/\libhal_bsp.a(altera_nios2_qsys_irq.o)
 .debug_aranges
                0x00000000000004f8       0x38 ../count_binary_bsp/\libhal_bsp.a(alt_exception_entry.o)
 .debug_aranges
                0x0000000000000530       0x20 ../count_binary_bsp/\libhal_bsp.a(alt_find_dev.o)
 .debug_aranges
                0x0000000000000550       0x20 ../count_binary_bsp/\libhal_bsp.a(alt_find_file.o)
 .debug_aranges
                0x0000000000000570       0x20 ../count_binary_bsp/\libhal_bsp.a(alt_get_fd.o)
 .debug_aranges
                0x0000000000000590       0x20 ../count_binary_bsp/\libhal_bsp.a(alt_icache_flush.o)
 .debug_aranges
                0x00000000000005b0       0x20 c:/altera/14.1/nios2eds/bin/gnu/h-x86_64-mingw32/bin/../lib/gcc/nios2-elf/4.8.3/../../../../../H-x86_64-mingw32/nios2-elf/lib/mno-hw-mul\libsmallc.a(lib_a-exit.o)
 .debug_aranges
                0x00000000000005d0       0x20 c:/altera/14.1/nios2eds/bin/gnu/h-x86_64-mingw32/bin/../lib/gcc/nios2-elf/4.8.3/../../../../../H-x86_64-mingw32/nios2-elf/lib/mno-hw-mul\libsmallc.a(lib_a-memcmp.o)
 .debug_aranges
                0x00000000000005f0       0x20 c:/altera/14.1/nios2eds/bin/gnu/h-x86_64-mingw32/bin/../lib/gcc/nios2-elf/4.8.3/../../../../../H-x86_64-mingw32/nios2-elf/lib/mno-hw-mul\libsmallc.a(lib_a-__call_atexit.o)
 .debug_aranges
                0x0000000000000610       0x20 ../count_binary_bsp/\libhal_bsp.a(alt_exit.o)

.debug_pubnames
 *(.debug_pubnames)

.debug_info     0x0000000000000000     0x9029
 *(.debug_info .gnu.linkonce.wi.*)
 .debug_info    0x0000000000000000       0xa3 ../count_binary_bsp//obj/HAL/src/crt0.o
 .debug_info    0x00000000000000a3      0x9cb obj/default/count_binary.o
 .debug_info    0x0000000000000a6e      0x270 c:/altera/14.1/nios2eds/bin/gnu/h-x86_64-mingw32/bin/../lib/gcc/nios2-elf/4.8.3/mno-hw-mul\libgcc.a(lib2-divmod.o)
 .debug_info    0x0000000000000cde      0x6cb c:/altera/14.1/nios2eds/bin/gnu/h-x86_64-mingw32/bin/../lib/gcc/nios2-elf/4.8.3/../../../../../H-x86_64-mingw32/nios2-elf/lib/mno-hw-mul\libsmallc.a(lib_a-printf.o)
 .debug_info    0x00000000000013a9      0x639 c:/altera/14.1/nios2eds/bin/gnu/h-x86_64-mingw32/bin/../lib/gcc/nios2-elf/4.8.3/../../../../../H-x86_64-mingw32/nios2-elf/lib/mno-hw-mul\libsmallc.a(lib_a-putchar.o)
 .debug_info    0x00000000000019e2      0x65d c:/altera/14.1/nios2eds/bin/gnu/h-x86_64-mingw32/bin/../lib/gcc/nios2-elf/4.8.3/../../../../../H-x86_64-mingw32/nios2-elf/lib/mno-hw-mul\libsmallc.a(lib_a-puts.o)
 .debug_info    0x000000000000203f       0xc2 c:/altera/14.1/nios2eds/bin/gnu/h-x86_64-mingw32/bin/../lib/gcc/nios2-elf/4.8.3/../../../../../H-x86_64-mingw32/nios2-elf/lib/mno-hw-mul\libsmallc.a(lib_a-strlen.o)
 .debug_info    0x0000000000002101      0xb49 c:/altera/14.1/nios2eds/bin/gnu/h-x86_64-mingw32/bin/../lib/gcc/nios2-elf/4.8.3/../../../../../H-x86_64-mingw32/nios2-elf/lib/mno-hw-mul\libsmallc.a(lib_a-vfprintf.o)
 .debug_info    0x0000000000002c4a      0x656 c:/altera/14.1/nios2eds/bin/gnu/h-x86_64-mingw32/bin/../lib/gcc/nios2-elf/4.8.3/../../../../../H-x86_64-mingw32/nios2-elf/lib/mno-hw-mul\libsmallc.a(lib_a-fvwrite_small_dev.o)
 .debug_info    0x00000000000032a0      0x5a7 c:/altera/14.1/nios2eds/bin/gnu/h-x86_64-mingw32/bin/../lib/gcc/nios2-elf/4.8.3/../../../../../H-x86_64-mingw32/nios2-elf/lib/mno-hw-mul\libsmallc.a(lib_a-impure.o)
 .debug_info    0x0000000000003847      0x680 c:/altera/14.1/nios2eds/bin/gnu/h-x86_64-mingw32/bin/../lib/gcc/nios2-elf/4.8.3/../../../../../H-x86_64-mingw32/nios2-elf/lib/mno-hw-mul\libsmallc.a(lib_a-putc.o)
 .debug_info    0x0000000000003ec7      0x639 c:/altera/14.1/nios2eds/bin/gnu/h-x86_64-mingw32/bin/../lib/gcc/nios2-elf/4.8.3/../../../../../H-x86_64-mingw32/nios2-elf/lib/mno-hw-mul\libsmallc.a(lib_a-writer.o)
 .debug_info    0x0000000000004500       0x83 c:/altera/14.1/nios2eds/bin/gnu/h-x86_64-mingw32/bin/../lib/gcc/nios2-elf/4.8.3/../../../../../H-x86_64-mingw32/nios2-elf/lib/mno-hw-mul\libsmallc.a(lib_a-int_errno.o)
 .debug_info    0x0000000000004583       0xb4 c:/altera/14.1/nios2eds/bin/gnu/h-x86_64-mingw32/bin/../lib/gcc/nios2-elf/4.8.3/mno-hw-mul\libgcc.a(lib2-mul.o)
 .debug_info    0x0000000000004637      0x13e ../count_binary_bsp/\libhal_bsp.a(alt_load.o)
 .debug_info    0x0000000000004775      0x12a ../count_binary_bsp/\libhal_bsp.a(alt_main.o)
 .debug_info    0x000000000000489f       0xa9 ../count_binary_bsp/\libhal_bsp.a(alt_usleep.o)
 .debug_info    0x0000000000004948      0x4b0 ../count_binary_bsp/\libhal_bsp.a(alt_write.o)
 .debug_info    0x0000000000004df8      0x3d8 ../count_binary_bsp/\libhal_bsp.a(alt_sys_init.o)
 .debug_info    0x00000000000051d0      0x3a0 ../count_binary_bsp/\libhal_bsp.a(altera_avalon_jtag_uart_fd.o)
 .debug_info    0x0000000000005570      0x1af ../count_binary_bsp/\libhal_bsp.a(altera_avalon_jtag_uart_read.o)
 .debug_info    0x000000000000571f      0x18e ../count_binary_bsp/\libhal_bsp.a(altera_avalon_jtag_uart_write.o)
 .debug_info    0x00000000000058ad      0x21f ../count_binary_bsp/\libhal_bsp.a(altera_avalon_timer_sc.o)
 .debug_info    0x0000000000005acc       0xd0 ../count_binary_bsp/\libhal_bsp.a(alt_busy_sleep.o)
 .debug_info    0x0000000000005b9c      0x31a ../count_binary_bsp/\libhal_bsp.a(alt_close.o)
 .debug_info    0x0000000000005eb6       0x8b ../count_binary_bsp/\libhal_bsp.a(alt_dcache_flush_all.o)
 .debug_info    0x0000000000005f41      0x495 ../count_binary_bsp/\libhal_bsp.a(alt_dev.o)
 .debug_info    0x00000000000063d6      0x1a2 ../count_binary_bsp/\libhal_bsp.a(alt_dev_llist_insert.o)
 .debug_info    0x0000000000006578       0x9f ../count_binary_bsp/\libhal_bsp.a(alt_errno.o)
 .debug_info    0x0000000000006617       0x8b ../count_binary_bsp/\libhal_bsp.a(alt_icache_flush_all.o)
 .debug_info    0x00000000000066a2      0x349 ../count_binary_bsp/\libhal_bsp.a(alt_iic.o)
 .debug_info    0x00000000000069eb      0x1e8 ../count_binary_bsp/\libhal_bsp.a(alt_iic_isr_register.o)
 .debug_info    0x0000000000006bd3      0x49e ../count_binary_bsp/\libhal_bsp.a(alt_io_redirect.o)
 .debug_info    0x0000000000007071       0xac ../count_binary_bsp/\libhal_bsp.a(alt_irq_entry.o)
 .debug_info    0x000000000000711d      0x180 ../count_binary_bsp/\libhal_bsp.a(alt_irq_handler.o)
 .debug_info    0x000000000000729d       0x88 ../count_binary_bsp/\libhal_bsp.a(alt_irq_vars.o)
 .debug_info    0x0000000000007325      0x3b4 ../count_binary_bsp/\libhal_bsp.a(alt_open.o)
 .debug_info    0x00000000000076d9      0x2b0 ../count_binary_bsp/\libhal_bsp.a(alt_release_fd.o)
 .debug_info    0x0000000000007989      0x292 ../count_binary_bsp/\libhal_bsp.a(alt_tick.o)
 .debug_info    0x0000000000007c1b       0x8b ../count_binary_bsp/\libhal_bsp.a(altera_nios2_qsys_irq.o)
 .debug_info    0x0000000000007ca6       0xb2 ../count_binary_bsp/\libhal_bsp.a(alt_exception_entry.o)
 .debug_info    0x0000000000007d58      0x2e2 ../count_binary_bsp/\libhal_bsp.a(alt_find_dev.o)
 .debug_info    0x000000000000803a      0x2df ../count_binary_bsp/\libhal_bsp.a(alt_find_file.o)
 .debug_info    0x0000000000008319      0x309 ../count_binary_bsp/\libhal_bsp.a(alt_get_fd.o)
 .debug_info    0x0000000000008622       0xd5 ../count_binary_bsp/\libhal_bsp.a(alt_icache_flush.o)
 .debug_info    0x00000000000086f7       0xed c:/altera/14.1/nios2eds/bin/gnu/h-x86_64-mingw32/bin/../lib/gcc/nios2-elf/4.8.3/../../../../../H-x86_64-mingw32/nios2-elf/lib/mno-hw-mul\libsmallc.a(lib_a-exit.o)
 .debug_info    0x00000000000087e4       0xed c:/altera/14.1/nios2eds/bin/gnu/h-x86_64-mingw32/bin/../lib/gcc/nios2-elf/4.8.3/../../../../../H-x86_64-mingw32/nios2-elf/lib/mno-hw-mul\libsmallc.a(lib_a-memcmp.o)
 .debug_info    0x00000000000088d1      0x673 c:/altera/14.1/nios2eds/bin/gnu/h-x86_64-mingw32/bin/../lib/gcc/nios2-elf/4.8.3/../../../../../H-x86_64-mingw32/nios2-elf/lib/mno-hw-mul\libsmallc.a(lib_a-__call_atexit.o)
 .debug_info    0x0000000000008f44       0xe5 ../count_binary_bsp/\libhal_bsp.a(alt_exit.o)

.debug_abbrev   0x0000000000000000     0x300e
 *(.debug_abbrev)
 .debug_abbrev  0x0000000000000000       0x12 ../count_binary_bsp//obj/HAL/src/crt0.o
 .debug_abbrev  0x0000000000000012      0x24a obj/default/count_binary.o
 .debug_abbrev  0x000000000000025c       0xf6 c:/altera/14.1/nios2eds/bin/gnu/h-x86_64-mingw32/bin/../lib/gcc/nios2-elf/4.8.3/mno-hw-mul\libgcc.a(lib2-divmod.o)
 .debug_abbrev  0x0000000000000352      0x1f1 c:/altera/14.1/nios2eds/bin/gnu/h-x86_64-mingw32/bin/../lib/gcc/nios2-elf/4.8.3/../../../../../H-x86_64-mingw32/nios2-elf/lib/mno-hw-mul\libsmallc.a(lib_a-printf.o)
 .debug_abbrev  0x0000000000000543      0x1b5 c:/altera/14.1/nios2eds/bin/gnu/h-x86_64-mingw32/bin/../lib/gcc/nios2-elf/4.8.3/../../../../../H-x86_64-mingw32/nios2-elf/lib/mno-hw-mul\libsmallc.a(lib_a-putchar.o)
 .debug_abbrev  0x00000000000006f8      0x1e3 c:/altera/14.1/nios2eds/bin/gnu/h-x86_64-mingw32/bin/../lib/gcc/nios2-elf/4.8.3/../../../../../H-x86_64-mingw32/nios2-elf/lib/mno-hw-mul\libsmallc.a(lib_a-puts.o)
 .debug_abbrev  0x00000000000008db       0x7f c:/altera/14.1/nios2eds/bin/gnu/h-x86_64-mingw32/bin/../lib/gcc/nios2-elf/4.8.3/../../../../../H-x86_64-mingw32/nios2-elf/lib/mno-hw-mul\libsmallc.a(lib_a-strlen.o)
 .debug_abbrev  0x000000000000095a      0x2a1 c:/altera/14.1/nios2eds/bin/gnu/h-x86_64-mingw32/bin/../lib/gcc/nios2-elf/4.8.3/../../../../../H-x86_64-mingw32/nios2-elf/lib/mno-hw-mul\libsmallc.a(lib_a-vfprintf.o)
 .debug_abbrev  0x0000000000000bfb      0x1c3 c:/altera/14.1/nios2eds/bin/gnu/h-x86_64-mingw32/bin/../lib/gcc/nios2-elf/4.8.3/../../../../../H-x86_64-mingw32/nios2-elf/lib/mno-hw-mul\libsmallc.a(lib_a-fvwrite_small_dev.o)
 .debug_abbrev  0x0000000000000dbe      0x14a c:/altera/14.1/nios2eds/bin/gnu/h-x86_64-mingw32/bin/../lib/gcc/nios2-elf/4.8.3/../../../../../H-x86_64-mingw32/nios2-elf/lib/mno-hw-mul\libsmallc.a(lib_a-impure.o)
 .debug_abbrev  0x0000000000000f08      0x1bf c:/altera/14.1/nios2eds/bin/gnu/h-x86_64-mingw32/bin/../lib/gcc/nios2-elf/4.8.3/../../../../../H-x86_64-mingw32/nios2-elf/lib/mno-hw-mul\libsmallc.a(lib_a-putc.o)
 .debug_abbrev  0x00000000000010c7      0x1a8 c:/altera/14.1/nios2eds/bin/gnu/h-x86_64-mingw32/bin/../lib/gcc/nios2-elf/4.8.3/../../../../../H-x86_64-mingw32/nios2-elf/lib/mno-hw-mul\libsmallc.a(lib_a-writer.o)
 .debug_abbrev  0x000000000000126f       0x37 c:/altera/14.1/nios2eds/bin/gnu/h-x86_64-mingw32/bin/../lib/gcc/nios2-elf/4.8.3/../../../../../H-x86_64-mingw32/nios2-elf/lib/mno-hw-mul\libsmallc.a(lib_a-int_errno.o)
 .debug_abbrev  0x00000000000012a6       0x6f c:/altera/14.1/nios2eds/bin/gnu/h-x86_64-mingw32/bin/../lib/gcc/nios2-elf/4.8.3/mno-hw-mul\libgcc.a(lib2-mul.o)
 .debug_abbrev  0x0000000000001315       0x9f ../count_binary_bsp/\libhal_bsp.a(alt_load.o)
 .debug_abbrev  0x00000000000013b4       0xba ../count_binary_bsp/\libhal_bsp.a(alt_main.o)
 .debug_abbrev  0x000000000000146e       0x60 ../count_binary_bsp/\libhal_bsp.a(alt_usleep.o)
 .debug_abbrev  0x00000000000014ce      0x133 ../count_binary_bsp/\libhal_bsp.a(alt_write.o)
 .debug_abbrev  0x0000000000001601      0x155 ../count_binary_bsp/\libhal_bsp.a(alt_sys_init.o)
 .debug_abbrev  0x0000000000001756       0xf7 ../count_binary_bsp/\libhal_bsp.a(altera_avalon_jtag_uart_fd.o)
 .debug_abbrev  0x000000000000184d       0xd7 ../count_binary_bsp/\libhal_bsp.a(altera_avalon_jtag_uart_read.o)
 .debug_abbrev  0x0000000000001924       0xd5 ../count_binary_bsp/\libhal_bsp.a(altera_avalon_jtag_uart_write.o)
 .debug_abbrev  0x00000000000019f9      0x155 ../count_binary_bsp/\libhal_bsp.a(altera_avalon_timer_sc.o)
 .debug_abbrev  0x0000000000001b4e       0x7e ../count_binary_bsp/\libhal_bsp.a(alt_busy_sleep.o)
 .debug_abbrev  0x0000000000001bcc      0x11f ../count_binary_bsp/\libhal_bsp.a(alt_close.o)
 .debug_abbrev  0x0000000000001ceb       0x42 ../count_binary_bsp/\libhal_bsp.a(alt_dcache_flush_all.o)
 .debug_abbrev  0x0000000000001d2d       0xd9 ../count_binary_bsp/\libhal_bsp.a(alt_dev.o)
 .debug_abbrev  0x0000000000001e06      0x114 ../count_binary_bsp/\libhal_bsp.a(alt_dev_llist_insert.o)
 .debug_abbrev  0x0000000000001f1a       0x5a ../count_binary_bsp/\libhal_bsp.a(alt_errno.o)
 .debug_abbrev  0x0000000000001f74       0x42 ../count_binary_bsp/\libhal_bsp.a(alt_icache_flush_all.o)
 .debug_abbrev  0x0000000000001fb6      0x163 ../count_binary_bsp/\libhal_bsp.a(alt_iic.o)
 .debug_abbrev  0x0000000000002119      0x169 ../count_binary_bsp/\libhal_bsp.a(alt_iic_isr_register.o)
 .debug_abbrev  0x0000000000002282      0x114 ../count_binary_bsp/\libhal_bsp.a(alt_io_redirect.o)
 .debug_abbrev  0x0000000000002396       0x12 ../count_binary_bsp/\libhal_bsp.a(alt_irq_entry.o)
 .debug_abbrev  0x00000000000023a8      0x122 ../count_binary_bsp/\libhal_bsp.a(alt_irq_handler.o)
 .debug_abbrev  0x00000000000024ca       0x40 ../count_binary_bsp/\libhal_bsp.a(alt_irq_vars.o)
 .debug_abbrev  0x000000000000250a      0x148 ../count_binary_bsp/\libhal_bsp.a(alt_open.o)
 .debug_abbrev  0x0000000000002652       0xde ../count_binary_bsp/\libhal_bsp.a(alt_release_fd.o)
 .debug_abbrev  0x0000000000002730      0x15a ../count_binary_bsp/\libhal_bsp.a(alt_tick.o)
 .debug_abbrev  0x000000000000288a       0x42 ../count_binary_bsp/\libhal_bsp.a(altera_nios2_qsys_irq.o)
 .debug_abbrev  0x00000000000028cc       0x12 ../count_binary_bsp/\libhal_bsp.a(alt_exception_entry.o)
 .debug_abbrev  0x00000000000028de       0xf0 ../count_binary_bsp/\libhal_bsp.a(alt_find_dev.o)
 .debug_abbrev  0x00000000000029ce       0xf0 ../count_binary_bsp/\libhal_bsp.a(alt_find_file.o)
 .debug_abbrev  0x0000000000002abe      0x10d ../count_binary_bsp/\libhal_bsp.a(alt_get_fd.o)
 .debug_abbrev  0x0000000000002bcb       0x8c ../count_binary_bsp/\libhal_bsp.a(alt_icache_flush.o)
 .debug_abbrev  0x0000000000002c57       0xa9 c:/altera/14.1/nios2eds/bin/gnu/h-x86_64-mingw32/bin/../lib/gcc/nios2-elf/4.8.3/../../../../../H-x86_64-mingw32/nios2-elf/lib/mno-hw-mul\libsmallc.a(lib_a-exit.o)
 .debug_abbrev  0x0000000000002d00       0x7f c:/altera/14.1/nios2eds/bin/gnu/h-x86_64-mingw32/bin/../lib/gcc/nios2-elf/4.8.3/../../../../../H-x86_64-mingw32/nios2-elf/lib/mno-hw-mul\libsmallc.a(lib_a-memcmp.o)
 .debug_abbrev  0x0000000000002d7f      0x1e9 c:/altera/14.1/nios2eds/bin/gnu/h-x86_64-mingw32/bin/../lib/gcc/nios2-elf/4.8.3/../../../../../H-x86_64-mingw32/nios2-elf/lib/mno-hw-mul\libsmallc.a(lib_a-__call_atexit.o)
 .debug_abbrev  0x0000000000002f68       0xa6 ../count_binary_bsp/\libhal_bsp.a(alt_exit.o)

.debug_line     0x0000000000000000     0x3504
 *(.debug_line)
 .debug_line    0x0000000000000000       0x6c ../count_binary_bsp//obj/HAL/src/crt0.o
 .debug_line    0x000000000000006c      0x1ee obj/default/count_binary.o
 .debug_line    0x000000000000025a       0xce c:/altera/14.1/nios2eds/bin/gnu/h-x86_64-mingw32/bin/../lib/gcc/nios2-elf/4.8.3/mno-hw-mul\libgcc.a(lib2-divmod.o)
 .debug_line    0x0000000000000328      0x21d c:/altera/14.1/nios2eds/bin/gnu/h-x86_64-mingw32/bin/../lib/gcc/nios2-elf/4.8.3/../../../../../H-x86_64-mingw32/nios2-elf/lib/mno-hw-mul\libsmallc.a(lib_a-printf.o)
 .debug_line    0x0000000000000545      0x1f9 c:/altera/14.1/nios2eds/bin/gnu/h-x86_64-mingw32/bin/../lib/gcc/nios2-elf/4.8.3/../../../../../H-x86_64-mingw32/nios2-elf/lib/mno-hw-mul\libsmallc.a(lib_a-putchar.o)
 .debug_line    0x000000000000073e      0x20f c:/altera/14.1/nios2eds/bin/gnu/h-x86_64-mingw32/bin/../lib/gcc/nios2-elf/4.8.3/../../../../../H-x86_64-mingw32/nios2-elf/lib/mno-hw-mul\libsmallc.a(lib_a-puts.o)
 .debug_line    0x000000000000094d      0x177 c:/altera/14.1/nios2eds/bin/gnu/h-x86_64-mingw32/bin/../lib/gcc/nios2-elf/4.8.3/../../../../../H-x86_64-mingw32/nios2-elf/lib/mno-hw-mul\libsmallc.a(lib_a-strlen.o)
 .debug_line    0x0000000000000ac4      0x362 c:/altera/14.1/nios2eds/bin/gnu/h-x86_64-mingw32/bin/../lib/gcc/nios2-elf/4.8.3/../../../../../H-x86_64-mingw32/nios2-elf/lib/mno-hw-mul\libsmallc.a(lib_a-vfprintf.o)
 .debug_line    0x0000000000000e26      0x214 c:/altera/14.1/nios2eds/bin/gnu/h-x86_64-mingw32/bin/../lib/gcc/nios2-elf/4.8.3/../../../../../H-x86_64-mingw32/nios2-elf/lib/mno-hw-mul\libsmallc.a(lib_a-fvwrite_small_dev.o)
 .debug_line    0x000000000000103a      0x16a c:/altera/14.1/nios2eds/bin/gnu/h-x86_64-mingw32/bin/../lib/gcc/nios2-elf/4.8.3/../../../../../H-x86_64-mingw32/nios2-elf/lib/mno-hw-mul\libsmallc.a(lib_a-impure.o)
 .debug_line    0x00000000000011a4      0x20f c:/altera/14.1/nios2eds/bin/gnu/h-x86_64-mingw32/bin/../lib/gcc/nios2-elf/4.8.3/../../../../../H-x86_64-mingw32/nios2-elf/lib/mno-hw-mul\libsmallc.a(lib_a-putc.o)
 .debug_line    0x00000000000013b3      0x208 c:/altera/14.1/nios2eds/bin/gnu/h-x86_64-mingw32/bin/../lib/gcc/nios2-elf/4.8.3/../../../../../H-x86_64-mingw32/nios2-elf/lib/mno-hw-mul\libsmallc.a(lib_a-writer.o)
 .debug_line    0x00000000000015bb       0x60 c:/altera/14.1/nios2eds/bin/gnu/h-x86_64-mingw32/bin/../lib/gcc/nios2-elf/4.8.3/../../../../../H-x86_64-mingw32/nios2-elf/lib/mno-hw-mul\libsmallc.a(lib_a-int_errno.o)
 .debug_line    0x000000000000161b       0x81 c:/altera/14.1/nios2eds/bin/gnu/h-x86_64-mingw32/bin/../lib/gcc/nios2-elf/4.8.3/mno-hw-mul\libgcc.a(lib2-mul.o)
 .debug_line    0x000000000000169c       0x91 ../count_binary_bsp/\libhal_bsp.a(alt_load.o)
 .debug_line    0x000000000000172d       0x9e ../count_binary_bsp/\libhal_bsp.a(alt_main.o)
 .debug_line    0x00000000000017cb       0xa5 ../count_binary_bsp/\libhal_bsp.a(alt_usleep.o)
 .debug_line    0x0000000000001870      0x1ca ../count_binary_bsp/\libhal_bsp.a(alt_write.o)
 .debug_line    0x0000000000001a3a      0x142 ../count_binary_bsp/\libhal_bsp.a(alt_sys_init.o)
 .debug_line    0x0000000000001b7c      0x112 ../count_binary_bsp/\libhal_bsp.a(altera_avalon_jtag_uart_fd.o)
 .debug_line    0x0000000000001c8e      0x103 ../count_binary_bsp/\libhal_bsp.a(altera_avalon_jtag_uart_read.o)
 .debug_line    0x0000000000001d91       0xf8 ../count_binary_bsp/\libhal_bsp.a(altera_avalon_jtag_uart_write.o)
 .debug_line    0x0000000000001e89       0xfd ../count_binary_bsp/\libhal_bsp.a(altera_avalon_timer_sc.o)
 .debug_line    0x0000000000001f86       0xa0 ../count_binary_bsp/\libhal_bsp.a(alt_busy_sleep.o)
 .debug_line    0x0000000000002026      0x15d ../count_binary_bsp/\libhal_bsp.a(alt_close.o)
 .debug_line    0x0000000000002183       0x51 ../count_binary_bsp/\libhal_bsp.a(alt_dcache_flush_all.o)
 .debug_line    0x00000000000021d4       0xf0 ../count_binary_bsp/\libhal_bsp.a(alt_dev.o)
 .debug_line    0x00000000000022c4       0xd0 ../count_binary_bsp/\libhal_bsp.a(alt_dev_llist_insert.o)
 .debug_line    0x0000000000002394       0x51 ../count_binary_bsp/\libhal_bsp.a(alt_errno.o)
 .debug_line    0x00000000000023e5       0x50 ../count_binary_bsp/\libhal_bsp.a(alt_icache_flush_all.o)
 .debug_line    0x0000000000002435       0xed ../count_binary_bsp/\libhal_bsp.a(alt_iic.o)
 .debug_line    0x0000000000002522       0xdb ../count_binary_bsp/\libhal_bsp.a(alt_iic_isr_register.o)
 .debug_line    0x00000000000025fd      0x12d ../count_binary_bsp/\libhal_bsp.a(alt_io_redirect.o)
 .debug_line    0x000000000000272a       0x6b ../count_binary_bsp/\libhal_bsp.a(alt_irq_entry.o)
 .debug_line    0x0000000000002795       0xae ../count_binary_bsp/\libhal_bsp.a(alt_irq_handler.o)
 .debug_line    0x0000000000002843       0x50 ../count_binary_bsp/\libhal_bsp.a(alt_irq_vars.o)
 .debug_line    0x0000000000002893      0x128 ../count_binary_bsp/\libhal_bsp.a(alt_open.o)
 .debug_line    0x00000000000029bb       0xb0 ../count_binary_bsp/\libhal_bsp.a(alt_release_fd.o)
 .debug_line    0x0000000000002a6b      0x102 ../count_binary_bsp/\libhal_bsp.a(alt_tick.o)
 .debug_line    0x0000000000002b6d       0x51 ../count_binary_bsp/\libhal_bsp.a(altera_nios2_qsys_irq.o)
 .debug_line    0x0000000000002bbe       0xab ../count_binary_bsp/\libhal_bsp.a(alt_exception_entry.o)
 .debug_line    0x0000000000002c69       0xb9 ../count_binary_bsp/\libhal_bsp.a(alt_find_dev.o)
 .debug_line    0x0000000000002d22       0xd5 ../count_binary_bsp/\libhal_bsp.a(alt_find_file.o)
 .debug_line    0x0000000000002df7       0xd4 ../count_binary_bsp/\libhal_bsp.a(alt_get_fd.o)
 .debug_line    0x0000000000002ecb       0x81 ../count_binary_bsp/\libhal_bsp.a(alt_icache_flush.o)
 .debug_line    0x0000000000002f4c      0x16c c:/altera/14.1/nios2eds/bin/gnu/h-x86_64-mingw32/bin/../lib/gcc/nios2-elf/4.8.3/../../../../../H-x86_64-mingw32/nios2-elf/lib/mno-hw-mul\libsmallc.a(lib_a-exit.o)
 .debug_line    0x00000000000030b8      0x178 c:/altera/14.1/nios2eds/bin/gnu/h-x86_64-mingw32/bin/../lib/gcc/nios2-elf/4.8.3/../../../../../H-x86_64-mingw32/nios2-elf/lib/mno-hw-mul\libsmallc.a(lib_a-memcmp.o)
 .debug_line    0x0000000000003230      0x263 c:/altera/14.1/nios2eds/bin/gnu/h-x86_64-mingw32/bin/../lib/gcc/nios2-elf/4.8.3/../../../../../H-x86_64-mingw32/nios2-elf/lib/mno-hw-mul\libsmallc.a(lib_a-__call_atexit.o)
 .debug_line    0x0000000000003493       0x71 ../count_binary_bsp/\libhal_bsp.a(alt_exit.o)

.debug_frame    0x0000000000000000      0xce4
 *(.debug_frame)
 .debug_frame   0x0000000000000000      0x134 obj/default/count_binary.o
 .debug_frame   0x0000000000000134       0x80 c:/altera/14.1/nios2eds/bin/gnu/h-x86_64-mingw32/bin/../lib/gcc/nios2-elf/4.8.3/mno-hw-mul\libgcc.a(lib2-divmod.o)
 .debug_frame   0x00000000000001b4       0x48 c:/altera/14.1/nios2eds/bin/gnu/h-x86_64-mingw32/bin/../lib/gcc/nios2-elf/4.8.3/../../../../../H-x86_64-mingw32/nios2-elf/lib/mno-hw-mul\libsmallc.a(lib_a-printf.o)
 .debug_frame   0x00000000000001fc       0x30 c:/altera/14.1/nios2eds/bin/gnu/h-x86_64-mingw32/bin/../lib/gcc/nios2-elf/4.8.3/../../../../../H-x86_64-mingw32/nios2-elf/lib/mno-hw-mul\libsmallc.a(lib_a-putchar.o)
 .debug_frame   0x000000000000022c       0x48 c:/altera/14.1/nios2eds/bin/gnu/h-x86_64-mingw32/bin/../lib/gcc/nios2-elf/4.8.3/../../../../../H-x86_64-mingw32/nios2-elf/lib/mno-hw-mul\libsmallc.a(lib_a-puts.o)
 .debug_frame   0x0000000000000274       0x20 c:/altera/14.1/nios2eds/bin/gnu/h-x86_64-mingw32/bin/../lib/gcc/nios2-elf/4.8.3/../../../../../H-x86_64-mingw32/nios2-elf/lib/mno-hw-mul\libsmallc.a(lib_a-strlen.o)
 .debug_frame   0x0000000000000294       0x8c c:/altera/14.1/nios2eds/bin/gnu/h-x86_64-mingw32/bin/../lib/gcc/nios2-elf/4.8.3/../../../../../H-x86_64-mingw32/nios2-elf/lib/mno-hw-mul\libsmallc.a(lib_a-vfprintf.o)
 .debug_frame   0x0000000000000320       0x40 c:/altera/14.1/nios2eds/bin/gnu/h-x86_64-mingw32/bin/../lib/gcc/nios2-elf/4.8.3/../../../../../H-x86_64-mingw32/nios2-elf/lib/mno-hw-mul\libsmallc.a(lib_a-fvwrite_small_dev.o)
 .debug_frame   0x0000000000000360       0x50 c:/altera/14.1/nios2eds/bin/gnu/h-x86_64-mingw32/bin/../lib/gcc/nios2-elf/4.8.3/../../../../../H-x86_64-mingw32/nios2-elf/lib/mno-hw-mul\libsmallc.a(lib_a-putc.o)
 .debug_frame   0x00000000000003b0       0x34 c:/altera/14.1/nios2eds/bin/gnu/h-x86_64-mingw32/bin/../lib/gcc/nios2-elf/4.8.3/../../../../../H-x86_64-mingw32/nios2-elf/lib/mno-hw-mul\libsmallc.a(lib_a-writer.o)
 .debug_frame   0x00000000000003e4       0x20 c:/altera/14.1/nios2eds/bin/gnu/h-x86_64-mingw32/bin/../lib/gcc/nios2-elf/4.8.3/mno-hw-mul\libgcc.a(lib2-mul.o)
 .debug_frame   0x0000000000000404       0x5c ../count_binary_bsp/\libhal_bsp.a(alt_load.o)
 .debug_frame   0x0000000000000460       0x2c ../count_binary_bsp/\libhal_bsp.a(alt_main.o)
 .debug_frame   0x000000000000048c       0x38 ../count_binary_bsp/\libhal_bsp.a(alt_usleep.o)
 .debug_frame   0x00000000000004c4       0x60 ../count_binary_bsp/\libhal_bsp.a(alt_write.o)
 .debug_frame   0x0000000000000524       0x88 ../count_binary_bsp/\libhal_bsp.a(alt_sys_init.o)
 .debug_frame   0x00000000000005ac       0x60 ../count_binary_bsp/\libhal_bsp.a(altera_avalon_jtag_uart_fd.o)
 .debug_frame   0x000000000000060c       0x34 ../count_binary_bsp/\libhal_bsp.a(altera_avalon_jtag_uart_read.o)
 .debug_frame   0x0000000000000640       0x34 ../count_binary_bsp/\libhal_bsp.a(altera_avalon_jtag_uart_write.o)
 .debug_frame   0x0000000000000674       0x60 ../count_binary_bsp/\libhal_bsp.a(altera_avalon_timer_sc.o)
 .debug_frame   0x00000000000006d4       0x38 ../count_binary_bsp/\libhal_bsp.a(alt_busy_sleep.o)
 .debug_frame   0x000000000000070c       0x60 ../count_binary_bsp/\libhal_bsp.a(alt_close.o)
 .debug_frame   0x000000000000076c       0x34 ../count_binary_bsp/\libhal_bsp.a(alt_dcache_flush_all.o)
 .debug_frame   0x00000000000007a0       0x34 ../count_binary_bsp/\libhal_bsp.a(alt_dev.o)
 .debug_frame   0x00000000000007d4       0x60 ../count_binary_bsp/\libhal_bsp.a(alt_dev_llist_insert.o)
 .debug_frame   0x0000000000000834       0x38 ../count_binary_bsp/\libhal_bsp.a(alt_icache_flush_all.o)
 .debug_frame   0x000000000000086c       0xa4 ../count_binary_bsp/\libhal_bsp.a(alt_iic.o)
 .debug_frame   0x0000000000000910       0x38 ../count_binary_bsp/\libhal_bsp.a(alt_iic_isr_register.o)
 .debug_frame   0x0000000000000948       0x64 ../count_binary_bsp/\libhal_bsp.a(alt_io_redirect.o)
 .debug_frame   0x00000000000009ac       0x38 ../count_binary_bsp/\libhal_bsp.a(alt_irq_handler.o)
 .debug_frame   0x00000000000009e4       0x8c ../count_binary_bsp/\libhal_bsp.a(alt_open.o)
 .debug_frame   0x0000000000000a70       0x3c ../count_binary_bsp/\libhal_bsp.a(alt_release_fd.o)
 .debug_frame   0x0000000000000aac       0x5c ../count_binary_bsp/\libhal_bsp.a(alt_tick.o)
 .debug_frame   0x0000000000000b08       0x34 ../count_binary_bsp/\libhal_bsp.a(altera_nios2_qsys_irq.o)
 .debug_frame   0x0000000000000b3c       0x38 ../count_binary_bsp/\libhal_bsp.a(alt_find_dev.o)
 .debug_frame   0x0000000000000b74       0x38 ../count_binary_bsp/\libhal_bsp.a(alt_find_file.o)
 .debug_frame   0x0000000000000bac       0x3c ../count_binary_bsp/\libhal_bsp.a(alt_get_fd.o)
 .debug_frame   0x0000000000000be8       0x34 ../count_binary_bsp/\libhal_bsp.a(alt_icache_flush.o)
 .debug_frame   0x0000000000000c1c       0x28 c:/altera/14.1/nios2eds/bin/gnu/h-x86_64-mingw32/bin/../lib/gcc/nios2-elf/4.8.3/../../../../../H-x86_64-mingw32/nios2-elf/lib/mno-hw-mul\libsmallc.a(lib_a-exit.o)
 .debug_frame   0x0000000000000c44       0x20 c:/altera/14.1/nios2eds/bin/gnu/h-x86_64-mingw32/bin/../lib/gcc/nios2-elf/4.8.3/../../../../../H-x86_64-mingw32/nios2-elf/lib/mno-hw-mul\libsmallc.a(lib_a-memcmp.o)
 .debug_frame   0x0000000000000c64       0x54 c:/altera/14.1/nios2eds/bin/gnu/h-x86_64-mingw32/bin/../lib/gcc/nios2-elf/4.8.3/../../../../../H-x86_64-mingw32/nios2-elf/lib/mno-hw-mul\libsmallc.a(lib_a-__call_atexit.o)
 .debug_frame   0x0000000000000cb8       0x2c ../count_binary_bsp/\libhal_bsp.a(alt_exit.o)

.debug_str      0x0000000000000000     0x1b26
 *(.debug_str)
 .debug_str     0x0000000000000000      0x4ff obj/default/count_binary.o
                                        0x596 (size before relaxing)
 .debug_str     0x00000000000004ff      0x199 c:/altera/14.1/nios2eds/bin/gnu/h-x86_64-mingw32/bin/../lib/gcc/nios2-elf/4.8.3/mno-hw-mul\libgcc.a(lib2-divmod.o)
                                        0x1e4 (size before relaxing)
 .debug_str     0x0000000000000698      0x1cf c:/altera/14.1/nios2eds/bin/gnu/h-x86_64-mingw32/bin/../lib/gcc/nios2-elf/4.8.3/../../../../../H-x86_64-mingw32/nios2-elf/lib/mno-hw-mul\libsmallc.a(lib_a-printf.o)
                                        0x4ec (size before relaxing)
 .debug_str     0x0000000000000867       0x59 c:/altera/14.1/nios2eds/bin/gnu/h-x86_64-mingw32/bin/../lib/gcc/nios2-elf/4.8.3/../../../../../H-x86_64-mingw32/nios2-elf/lib/mno-hw-mul\libsmallc.a(lib_a-putchar.o)
                                        0x4a3 (size before relaxing)
 .debug_str     0x00000000000008c0       0x4f c:/altera/14.1/nios2eds/bin/gnu/h-x86_64-mingw32/bin/../lib/gcc/nios2-elf/4.8.3/../../../../../H-x86_64-mingw32/nios2-elf/lib/mno-hw-mul\libsmallc.a(lib_a-puts.o)
                                        0x49b (size before relaxing)
 .debug_str     0x000000000000090f       0xdc c:/altera/14.1/nios2eds/bin/gnu/h-x86_64-mingw32/bin/../lib/gcc/nios2-elf/4.8.3/../../../../../H-x86_64-mingw32/nios2-elf/lib/mno-hw-mul\libsmallc.a(lib_a-strlen.o)
                                        0x1c8 (size before relaxing)
 .debug_str     0x00000000000009eb      0x1ea c:/altera/14.1/nios2eds/bin/gnu/h-x86_64-mingw32/bin/../lib/gcc/nios2-elf/4.8.3/../../../../../H-x86_64-mingw32/nios2-elf/lib/mno-hw-mul\libsmallc.a(lib_a-vfprintf.o)
                                        0x67a (size before relaxing)
 .debug_str     0x0000000000000bd5       0x82 c:/altera/14.1/nios2eds/bin/gnu/h-x86_64-mingw32/bin/../lib/gcc/nios2-elf/4.8.3/../../../../../H-x86_64-mingw32/nios2-elf/lib/mno-hw-mul\libsmallc.a(lib_a-fvwrite_small_dev.o)
                                        0x4c7 (size before relaxing)
 .debug_str     0x0000000000000c57       0xf9 c:/altera/14.1/nios2eds/bin/gnu/h-x86_64-mingw32/bin/../lib/gcc/nios2-elf/4.8.3/../../../../../H-x86_64-mingw32/nios2-elf/lib/mno-hw-mul\libsmallc.a(lib_a-impure.o)
                                        0x4a1 (size before relaxing)
 .debug_str     0x0000000000000d50       0x47 c:/altera/14.1/nios2eds/bin/gnu/h-x86_64-mingw32/bin/../lib/gcc/nios2-elf/4.8.3/../../../../../H-x86_64-mingw32/nios2-elf/lib/mno-hw-mul\libsmallc.a(lib_a-putc.o)
                                        0x4ae (size before relaxing)
 .debug_str     0x0000000000000d97       0x3d c:/altera/14.1/nios2eds/bin/gnu/h-x86_64-mingw32/bin/../lib/gcc/nios2-elf/4.8.3/../../../../../H-x86_64-mingw32/nios2-elf/lib/mno-hw-mul\libsmallc.a(lib_a-writer.o)
                                        0x49b (size before relaxing)
 .debug_str     0x0000000000000dd4       0x40 c:/altera/14.1/nios2eds/bin/gnu/h-x86_64-mingw32/bin/../lib/gcc/nios2-elf/4.8.3/../../../../../H-x86_64-mingw32/nios2-elf/lib/mno-hw-mul\libsmallc.a(lib_a-int_errno.o)
                                        0x1bb (size before relaxing)
 .debug_str     0x0000000000000e14       0x40 c:/altera/14.1/nios2eds/bin/gnu/h-x86_64-mingw32/bin/../lib/gcc/nios2-elf/4.8.3/mno-hw-mul\libgcc.a(lib2-mul.o)
                                        0x1a5 (size before relaxing)
 .debug_str     0x0000000000000e54      0x160 ../count_binary_bsp/\libhal_bsp.a(alt_load.o)
                                        0x240 (size before relaxing)
 .debug_str     0x0000000000000fb4       0x70 ../count_binary_bsp/\libhal_bsp.a(alt_main.o)
                                        0x1cb (size before relaxing)
 .debug_str     0x0000000000001024       0x27 ../count_binary_bsp/\libhal_bsp.a(alt_usleep.o)
                                        0x176 (size before relaxing)
 .debug_str     0x000000000000104b      0x159 ../count_binary_bsp/\libhal_bsp.a(alt_write.o)
                                        0x326 (size before relaxing)
 .debug_str     0x00000000000011a4      0x136 ../count_binary_bsp/\libhal_bsp.a(alt_sys_init.o)
                                        0x338 (size before relaxing)
 .debug_str     0x00000000000012da       0x77 ../count_binary_bsp/\libhal_bsp.a(altera_avalon_jtag_uart_fd.o)
                                        0x303 (size before relaxing)
 .debug_str     0x0000000000001351       0x48 ../count_binary_bsp/\libhal_bsp.a(altera_avalon_jtag_uart_read.o)
                                        0x24d (size before relaxing)
 .debug_str     0x0000000000001399       0x4a ../count_binary_bsp/\libhal_bsp.a(altera_avalon_jtag_uart_write.o)
                                        0x243 (size before relaxing)
 .debug_str     0x00000000000013e3       0xb6 ../count_binary_bsp/\libhal_bsp.a(altera_avalon_timer_sc.o)
                                        0x279 (size before relaxing)
 .debug_str     0x0000000000001499       0x42 ../count_binary_bsp/\libhal_bsp.a(alt_busy_sleep.o)
                                        0x199 (size before relaxing)
 .debug_str     0x00000000000014db       0x1b ../count_binary_bsp/\libhal_bsp.a(alt_close.o)
                                        0x239 (size before relaxing)
 .debug_str     0x00000000000014f6       0x34 ../count_binary_bsp/\libhal_bsp.a(alt_dcache_flush_all.o)
                                        0x183 (size before relaxing)
 .debug_str     0x000000000000152a       0x50 ../count_binary_bsp/\libhal_bsp.a(alt_dev.o)
                                        0x333 (size before relaxing)
 .debug_str     0x000000000000157a       0x4b ../count_binary_bsp/\libhal_bsp.a(alt_dev_llist_insert.o)
                                        0x1fa (size before relaxing)
 .debug_str     0x00000000000015c5       0x14 ../count_binary_bsp/\libhal_bsp.a(alt_errno.o)
                                        0x173 (size before relaxing)
 .debug_str     0x00000000000015d9       0x34 ../count_binary_bsp/\libhal_bsp.a(alt_icache_flush_all.o)
                                        0x183 (size before relaxing)
 .debug_str     0x000000000000160d       0xc4 ../count_binary_bsp/\libhal_bsp.a(alt_iic.o)
                                        0x26c (size before relaxing)
 .debug_str     0x00000000000016d1       0x4c ../count_binary_bsp/\libhal_bsp.a(alt_iic_isr_register.o)
                                        0x216 (size before relaxing)
 .debug_str     0x000000000000171d       0x56 ../count_binary_bsp/\libhal_bsp.a(alt_io_redirect.o)
                                        0x344 (size before relaxing)
 .debug_str     0x0000000000001773       0x3a ../count_binary_bsp/\libhal_bsp.a(alt_irq_handler.o)
                                        0x1c5 (size before relaxing)
 .debug_str     0x00000000000017ad       0x17 ../count_binary_bsp/\libhal_bsp.a(alt_irq_vars.o)
                                        0x174 (size before relaxing)
 .debug_str     0x00000000000017c4       0x2f ../count_binary_bsp/\libhal_bsp.a(alt_open.o)
                                        0x279 (size before relaxing)
 .debug_str     0x00000000000017f3       0x28 ../count_binary_bsp/\libhal_bsp.a(alt_release_fd.o)
                                        0x20d (size before relaxing)
 .debug_str     0x000000000000181b       0x78 ../count_binary_bsp/\libhal_bsp.a(alt_tick.o)
                                        0x280 (size before relaxing)
 .debug_str     0x0000000000001893       0x3b ../count_binary_bsp/\libhal_bsp.a(altera_nios2_qsys_irq.o)
                                        0x18a (size before relaxing)
 .debug_str     0x00000000000018ce       0x24 ../count_binary_bsp/\libhal_bsp.a(alt_find_dev.o)
                                        0x21a (size before relaxing)
 .debug_str     0x00000000000018f2       0x26 ../count_binary_bsp/\libhal_bsp.a(alt_find_file.o)
                                        0x228 (size before relaxing)
 .debug_str     0x0000000000001918       0x30 ../count_binary_bsp/\libhal_bsp.a(alt_get_fd.o)
                                        0x24a (size before relaxing)
 .debug_str     0x0000000000001948       0x2c ../count_binary_bsp/\libhal_bsp.a(alt_icache_flush.o)
                                        0x189 (size before relaxing)
 .debug_str     0x0000000000001974       0xeb c:/altera/14.1/nios2eds/bin/gnu/h-x86_64-mingw32/bin/../lib/gcc/nios2-elf/4.8.3/../../../../../H-x86_64-mingw32/nios2-elf/lib/mno-hw-mul\libsmallc.a(lib_a-exit.o)
                                        0x1d3 (size before relaxing)
 .debug_str     0x0000000000001a5f       0x45 c:/altera/14.1/nios2eds/bin/gnu/h-x86_64-mingw32/bin/../lib/gcc/nios2-elf/4.8.3/../../../../../H-x86_64-mingw32/nios2-elf/lib/mno-hw-mul\libsmallc.a(lib_a-memcmp.o)
                                        0x1c2 (size before relaxing)
 .debug_str     0x0000000000001aa4       0x58 c:/altera/14.1/nios2eds/bin/gnu/h-x86_64-mingw32/bin/../lib/gcc/nios2-elf/4.8.3/../../../../../H-x86_64-mingw32/nios2-elf/lib/mno-hw-mul\libsmallc.a(lib_a-__call_atexit.o)
                                        0x4c0 (size before relaxing)
 .debug_str     0x0000000000001afc       0x2a ../count_binary_bsp/\libhal_bsp.a(alt_exit.o)
                                        0x17f (size before relaxing)

.debug_loc      0x0000000000000000     0x132b
 *(.debug_loc)
 .debug_loc     0x0000000000000000      0x2d7 c:/altera/14.1/nios2eds/bin/gnu/h-x86_64-mingw32/bin/../lib/gcc/nios2-elf/4.8.3/mno-hw-mul\libgcc.a(lib2-divmod.o)
 .debug_loc     0x00000000000002d7       0xe5 c:/altera/14.1/nios2eds/bin/gnu/h-x86_64-mingw32/bin/../lib/gcc/nios2-elf/4.8.3/../../../../../H-x86_64-mingw32/nios2-elf/lib/mno-hw-mul\libsmallc.a(lib_a-printf.o)
 .debug_loc     0x00000000000003bc       0x6e c:/altera/14.1/nios2eds/bin/gnu/h-x86_64-mingw32/bin/../lib/gcc/nios2-elf/4.8.3/../../../../../H-x86_64-mingw32/nios2-elf/lib/mno-hw-mul\libsmallc.a(lib_a-putchar.o)
 .debug_loc     0x000000000000042a       0x97 c:/altera/14.1/nios2eds/bin/gnu/h-x86_64-mingw32/bin/../lib/gcc/nios2-elf/4.8.3/../../../../../H-x86_64-mingw32/nios2-elf/lib/mno-hw-mul\libsmallc.a(lib_a-puts.o)
 .debug_loc     0x00000000000004c1       0x1e c:/altera/14.1/nios2eds/bin/gnu/h-x86_64-mingw32/bin/../lib/gcc/nios2-elf/4.8.3/../../../../../H-x86_64-mingw32/nios2-elf/lib/mno-hw-mul\libsmallc.a(lib_a-strlen.o)
 .debug_loc     0x00000000000004df      0x9e7 c:/altera/14.1/nios2eds/bin/gnu/h-x86_64-mingw32/bin/../lib/gcc/nios2-elf/4.8.3/../../../../../H-x86_64-mingw32/nios2-elf/lib/mno-hw-mul\libsmallc.a(lib_a-vfprintf.o)
 .debug_loc     0x0000000000000ec6       0xbd c:/altera/14.1/nios2eds/bin/gnu/h-x86_64-mingw32/bin/../lib/gcc/nios2-elf/4.8.3/../../../../../H-x86_64-mingw32/nios2-elf/lib/mno-hw-mul\libsmallc.a(lib_a-fvwrite_small_dev.o)
 .debug_loc     0x0000000000000f83       0xc6 c:/altera/14.1/nios2eds/bin/gnu/h-x86_64-mingw32/bin/../lib/gcc/nios2-elf/4.8.3/../../../../../H-x86_64-mingw32/nios2-elf/lib/mno-hw-mul\libsmallc.a(lib_a-putc.o)
 .debug_loc     0x0000000000001049       0xa5 c:/altera/14.1/nios2eds/bin/gnu/h-x86_64-mingw32/bin/../lib/gcc/nios2-elf/4.8.3/../../../../../H-x86_64-mingw32/nios2-elf/lib/mno-hw-mul\libsmallc.a(lib_a-writer.o)
 .debug_loc     0x00000000000010ee       0x93 c:/altera/14.1/nios2eds/bin/gnu/h-x86_64-mingw32/bin/../lib/gcc/nios2-elf/4.8.3/mno-hw-mul\libgcc.a(lib2-mul.o)
 .debug_loc     0x0000000000001181       0x1e c:/altera/14.1/nios2eds/bin/gnu/h-x86_64-mingw32/bin/../lib/gcc/nios2-elf/4.8.3/../../../../../H-x86_64-mingw32/nios2-elf/lib/mno-hw-mul\libsmallc.a(lib_a-exit.o)
 .debug_loc     0x000000000000119f       0x65 c:/altera/14.1/nios2eds/bin/gnu/h-x86_64-mingw32/bin/../lib/gcc/nios2-elf/4.8.3/../../../../../H-x86_64-mingw32/nios2-elf/lib/mno-hw-mul\libsmallc.a(lib_a-memcmp.o)
 .debug_loc     0x0000000000001204      0x127 c:/altera/14.1/nios2eds/bin/gnu/h-x86_64-mingw32/bin/../lib/gcc/nios2-elf/4.8.3/../../../../../H-x86_64-mingw32/nios2-elf/lib/mno-hw-mul\libsmallc.a(lib_a-__call_atexit.o)

.debug_macinfo
 *(.debug_macinfo)

.debug_weaknames
 *(.debug_weaknames)

.debug_funcnames
 *(.debug_funcnames)

.debug_typenames
 *(.debug_typenames)

.debug_varnames
 *(.debug_varnames)

.debug_alt_sim_info
                0x0000000000000000       0x50
 *(.debug_alt_sim_info)
 .debug_alt_sim_info
                0x0000000000000000       0x20 ../count_binary_bsp//obj/HAL/src/crt0.o
 .debug_alt_sim_info
                0x0000000000000020       0x30 ../count_binary_bsp/\libhal_bsp.a(alt_busy_sleep.o)
                0x000000000000d000                __alt_data_end = 0xd000
                0x000000000000d000                PROVIDE (__alt_stack_pointer, __alt_data_end)
                0x000000000000b044                PROVIDE (__alt_stack_limit, __alt_stack_base)
                0x000000000000b044                PROVIDE (__alt_heap_start, end)
                0x000000000000d000                PROVIDE (__alt_heap_limit, 0xd000)
OUTPUT(count_binary.elf elf32-littlenios2)

.debug_ranges   0x0000000000000000      0x150
 .debug_ranges  0x0000000000000000       0x20 ../count_binary_bsp//obj/HAL/src/crt0.o
 .debug_ranges  0x0000000000000020       0xb0 c:/altera/14.1/nios2eds/bin/gnu/h-x86_64-mingw32/bin/../lib/gcc/nios2-elf/4.8.3/../../../../../H-x86_64-mingw32/nios2-elf/lib/mno-hw-mul\libsmallc.a(lib_a-vfprintf.o)
 .debug_ranges  0x00000000000000d0       0x18 c:/altera/14.1/nios2eds/bin/gnu/h-x86_64-mingw32/bin/../lib/gcc/nios2-elf/4.8.3/../../../../../H-x86_64-mingw32/nios2-elf/lib/mno-hw-mul\libsmallc.a(lib_a-fvwrite_small_dev.o)
 .debug_ranges  0x00000000000000e8       0x28 ../count_binary_bsp/\libhal_bsp.a(alt_irq_entry.o)
 .debug_ranges  0x0000000000000110       0x10 ../count_binary_bsp/\libhal_bsp.a(alt_irq_handler.o)
 .debug_ranges  0x0000000000000120       0x30 ../count_binary_bsp/\libhal_bsp.a(alt_exception_entry.o)
